Archive member included to satisfy reference by file (symbol)

C:/Program Files/STM32CubeIDE_1.17.0/STM32CubeIDE/plugins/com.st.stm32cube.ide.mcu.externaltools.gnu-tools-for-stm32.12.3.rel1.win32_1.1.0.202410251130/tools/bin/../lib/gcc/arm-none-eabi/12.3.1/../../../../arm-none-eabi/lib/thumb/v7-m/nofp\libc_nano.a(libc_a-exit.o)
                              C:/Program Files/STM32CubeIDE_1.17.0/STM32CubeIDE/plugins/com.st.stm32cube.ide.mcu.externaltools.gnu-tools-for-stm32.12.3.rel1.win32_1.1.0.202410251130/tools/bin/../lib/gcc/arm-none-eabi/12.3.1/../../../../arm-none-eabi/lib/thumb/v7-m/nofp/crt0.o (exit)
C:/Program Files/STM32CubeIDE_1.17.0/STM32CubeIDE/plugins/com.st.stm32cube.ide.mcu.externaltools.gnu-tools-for-stm32.12.3.rel1.win32_1.1.0.202410251130/tools/bin/../lib/gcc/arm-none-eabi/12.3.1/../../../../arm-none-eabi/lib/thumb/v7-m/nofp\libc_nano.a(libc_a-findfp.o)
                              C:/Program Files/STM32CubeIDE_1.17.0/STM32CubeIDE/plugins/com.st.stm32cube.ide.mcu.externaltools.gnu-tools-for-stm32.12.3.rel1.win32_1.1.0.202410251130/tools/bin/../lib/gcc/arm-none-eabi/12.3.1/../../../../arm-none-eabi/lib/thumb/v7-m/nofp\libc_nano.a(libc_a-exit.o) (__stdio_exit_handler)
C:/Program Files/STM32CubeIDE_1.17.0/STM32CubeIDE/plugins/com.st.stm32cube.ide.mcu.externaltools.gnu-tools-for-stm32.12.3.rel1.win32_1.1.0.202410251130/tools/bin/../lib/gcc/arm-none-eabi/12.3.1/../../../../arm-none-eabi/lib/thumb/v7-m/nofp\libc_nano.a(libc_a-fwalk.o)
                              C:/Program Files/STM32CubeIDE_1.17.0/STM32CubeIDE/plugins/com.st.stm32cube.ide.mcu.externaltools.gnu-tools-for-stm32.12.3.rel1.win32_1.1.0.202410251130/tools/bin/../lib/gcc/arm-none-eabi/12.3.1/../../../../arm-none-eabi/lib/thumb/v7-m/nofp\libc_nano.a(libc_a-findfp.o) (_fwalk_sglue)
C:/Program Files/STM32CubeIDE_1.17.0/STM32CubeIDE/plugins/com.st.stm32cube.ide.mcu.externaltools.gnu-tools-for-stm32.12.3.rel1.win32_1.1.0.202410251130/tools/bin/../lib/gcc/arm-none-eabi/12.3.1/../../../../arm-none-eabi/lib/thumb/v7-m/nofp\libc_nano.a(libc_a-printf.o)
                              ./Core/Src/main.o (printf)
C:/Program Files/STM32CubeIDE_1.17.0/STM32CubeIDE/plugins/com.st.stm32cube.ide.mcu.externaltools.gnu-tools-for-stm32.12.3.rel1.win32_1.1.0.202410251130/tools/bin/../lib/gcc/arm-none-eabi/12.3.1/../../../../arm-none-eabi/lib/thumb/v7-m/nofp\libc_nano.a(libc_a-stdio.o)
                              C:/Program Files/STM32CubeIDE_1.17.0/STM32CubeIDE/plugins/com.st.stm32cube.ide.mcu.externaltools.gnu-tools-for-stm32.12.3.rel1.win32_1.1.0.202410251130/tools/bin/../lib/gcc/arm-none-eabi/12.3.1/../../../../arm-none-eabi/lib/thumb/v7-m/nofp\libc_nano.a(libc_a-findfp.o) (__sread)
C:/Program Files/STM32CubeIDE_1.17.0/STM32CubeIDE/plugins/com.st.stm32cube.ide.mcu.externaltools.gnu-tools-for-stm32.12.3.rel1.win32_1.1.0.202410251130/tools/bin/../lib/gcc/arm-none-eabi/12.3.1/../../../../arm-none-eabi/lib/thumb/v7-m/nofp\libc_nano.a(libc_a-memset.o)
                              C:/Program Files/STM32CubeIDE_1.17.0/STM32CubeIDE/plugins/com.st.stm32cube.ide.mcu.externaltools.gnu-tools-for-stm32.12.3.rel1.win32_1.1.0.202410251130/tools/bin/../lib/gcc/arm-none-eabi/12.3.1/../../../../arm-none-eabi/lib/thumb/v7-m/nofp/crt0.o (memset)
C:/Program Files/STM32CubeIDE_1.17.0/STM32CubeIDE/plugins/com.st.stm32cube.ide.mcu.externaltools.gnu-tools-for-stm32.12.3.rel1.win32_1.1.0.202410251130/tools/bin/../lib/gcc/arm-none-eabi/12.3.1/../../../../arm-none-eabi/lib/thumb/v7-m/nofp\libc_nano.a(libc_a-closer.o)
                              C:/Program Files/STM32CubeIDE_1.17.0/STM32CubeIDE/plugins/com.st.stm32cube.ide.mcu.externaltools.gnu-tools-for-stm32.12.3.rel1.win32_1.1.0.202410251130/tools/bin/../lib/gcc/arm-none-eabi/12.3.1/../../../../arm-none-eabi/lib/thumb/v7-m/nofp\libc_nano.a(libc_a-stdio.o) (_close_r)
C:/Program Files/STM32CubeIDE_1.17.0/STM32CubeIDE/plugins/com.st.stm32cube.ide.mcu.externaltools.gnu-tools-for-stm32.12.3.rel1.win32_1.1.0.202410251130/tools/bin/../lib/gcc/arm-none-eabi/12.3.1/../../../../arm-none-eabi/lib/thumb/v7-m/nofp\libc_nano.a(libc_a-reent.o)
                              C:/Program Files/STM32CubeIDE_1.17.0/STM32CubeIDE/plugins/com.st.stm32cube.ide.mcu.externaltools.gnu-tools-for-stm32.12.3.rel1.win32_1.1.0.202410251130/tools/bin/../lib/gcc/arm-none-eabi/12.3.1/../../../../arm-none-eabi/lib/thumb/v7-m/nofp\libc_nano.a(libc_a-closer.o) (errno)
C:/Program Files/STM32CubeIDE_1.17.0/STM32CubeIDE/plugins/com.st.stm32cube.ide.mcu.externaltools.gnu-tools-for-stm32.12.3.rel1.win32_1.1.0.202410251130/tools/bin/../lib/gcc/arm-none-eabi/12.3.1/../../../../arm-none-eabi/lib/thumb/v7-m/nofp\libc_nano.a(libc_a-impure.o)
                              C:/Program Files/STM32CubeIDE_1.17.0/STM32CubeIDE/plugins/com.st.stm32cube.ide.mcu.externaltools.gnu-tools-for-stm32.12.3.rel1.win32_1.1.0.202410251130/tools/bin/../lib/gcc/arm-none-eabi/12.3.1/../../../../arm-none-eabi/lib/thumb/v7-m/nofp\libc_nano.a(libc_a-printf.o) (_impure_ptr)
[...]
Memory Configuration

Name             Origin             Length             Attributes
RAM              0x20000000         0x00010000         xrw
FLASH            0x08000000         0x00080000         xr
*default*        0x00000000         0xffffffff

Linker script and memory map

LOAD C:/Program Files/STM32CubeIDE_1.17.0/STM32CubeIDE/plugins/com.st.stm32cube.ide.mcu.externaltools.gnu-tools-for-stm32.12.3.rel1.win32_1.1.0.202410251130/tools/bin/../lib/gcc/arm-none-eabi/12.3.1/thumb/v7-m/nofp/crti.o
LOAD C:/Program Files/STM32CubeIDE_1.17.0/STM32CubeIDE/plugins/com.st.stm32cube.ide.mcu.externaltools.gnu-tools-for-stm32.12.3.rel1.win32_1.1.0.202410251130/tools/bin/../lib/gcc/arm-none-eabi/12.3.1/thumb/v7-m/nofp/crtbegin.o
LOAD C:/Program Files/STM32CubeIDE_1.17.0/STM32CubeIDE/plugins/com.st.stm32cube.ide.mcu.externaltools.gnu-tools-for-stm32.12.3.rel1.win32_1.1.0.202410251130/tools/bin/../lib/gcc/arm-none-eabi/12.3.1/../../../../arm-none-eabi/lib/thumb/v7-m/nofp/crt0.o
LOAD ./Core/Src/main.o
LOAD ./Core/Src/stm32f1xx_hal_msp.o
LOAD ./Core/Src/stm32f1xx_it.o
LOAD ./Core/Src/syscalls.o
LOAD ./Core/Src/sysmem.o
LOAD ./Core/Src/system_stm32f1xx.o
LOAD ./Core/Startup/startup_stm32f103zetx.o
LOAD ./Core/user/bootload.o
LOAD ./Core/user/flash.o
LOAD ./Core/user/usart_interface.o
LOAD ./Core/user/w25q128.o
LOAD ./Core/user/w25q64.o
LOAD ./Drivers/STM32F1xx_HAL_Driver/Src/stm32f1xx_hal.o
LOAD ./Drivers/STM32F1xx_HAL_Driver/Src/stm32f1xx_hal_cortex.o
LOAD ./Drivers/STM32F1xx_HAL_Driver/Src/stm32f1xx_hal_dma.o
LOAD ./Drivers/STM32F1xx_HAL_Driver/Src/stm32f1xx_hal_exti.o
LOAD ./Drivers/STM32F1xx_HAL_Driver/Src/stm32f1xx_hal_flash.o
LOAD ./Drivers/STM32F1xx_HAL_Driver/Src/stm32f1xx_hal_flash_ex.o
LOAD ./Drivers/STM32F1xx_HAL_Driver/Src/stm32f1xx_hal_gpio.o
LOAD ./Drivers/STM32F1xx_HAL_Driver/Src/stm32f1xx_hal_gpio_ex.o
LOAD ./Drivers/STM32F1xx_HAL_Driver/Src/stm32f1xx_hal_iwdg.o
LOAD ./Drivers/STM32F1xx_HAL_Driver/Src/stm32f1xx_hal_pwr.o
LOAD ./Drivers/STM32F1xx_HAL_Driver/Src/stm32f1xx_hal_rcc.o
LOAD ./Drivers/STM32F1xx_HAL_Driver/Src/stm32f1xx_hal_rcc_ex.o
LOAD ./Drivers/STM32F1xx_HAL_Driver/Src/stm32f1xx_hal_spi.o
LOAD ./Drivers/STM32F1xx_HAL_Driver/Src/stm32f1xx_hal_uart.o
START GROUP
LOAD C:/Program Files/STM32CubeIDE_1.17.0/STM32CubeIDE/plugins/com.st.stm32cube.ide.mcu.externaltools.gnu-tools-for-stm32.12.3.rel1.win32_1.1.0.202410251130/tools/bin/../lib/gcc/arm-none-eabi/12.3.1/../../../../arm-none-eabi/lib/thumb/v7-m/nofp\libc_nano.a
LOAD C:/Program Files/STM32CubeIDE_1.17.0/STM32CubeIDE/plugins/com.st.stm32cube.ide.mcu.externaltools.gnu-tools-for-stm32.12.3.rel1.win32_1.1.0.202410251130/tools/bin/../lib/gcc/arm-none-eabi/12.3.1/../../../../arm-none-eabi/lib/thumb/v7-m/nofp\libm.a
END GROUP
START GROUP
LOAD C:/Program Files/STM32CubeIDE_1.17.0/STM32CubeIDE/plugins/com.st.stm32cube.ide.mcu.externaltools.gnu-tools-for-stm32.12.3.rel1.win32_1.1.0.202410251130/tools/bin/../lib/gcc/arm-none-eabi/12.3.1/thumb/v7-m/nofp\libgcc.a
LOAD C:/Program Files/STM32CubeIDE_1.17.0/STM32CubeIDE/plugins/com.st.stm32cube.ide.mcu.externaltools.gnu-tools-for-stm32.12.3.rel1.win32_1.1.0.202410251130/tools/bin/../lib/gcc/arm-none-eabi/12.3.1/../../../../arm-none-eabi/lib/thumb/v7-m/nofp\libc_nano.a
END GROUP
START GROUP
LOAD C:/Program Files/STM32CubeIDE_1.17.0/STM32CubeIDE/plugins/com.st.stm32cube.ide.mcu.externaltools.gnu-tools-for-stm32.12.3.rel1.win32_1.1.0.202410251130/tools/bin/../lib/gcc/arm-none-eabi/12.3.1/thumb/v7-m/nofp\libgcc.a
LOAD C:/Program Files/STM32CubeIDE_1.17.0/STM32CubeIDE/plugins/com.st.stm32cube.ide.mcu.externaltools.gnu-tools-for-stm32.12.3.rel1.win32_1.1.0.202410251130/tools/bin/../lib/gcc/arm-none-eabi/12.3.1/../../../../arm-none-eabi/lib/thumb/v7-m/nofp\libc_nano.a
LOAD C:/Program Files/STM32CubeIDE_1.17.0/STM32CubeIDE/plugins/com.st.stm32cube.ide.mcu.externaltools.gnu-tools-for-stm32.12.3.rel1.win32_1.1.0.202410251130/tools/bin/../lib/gcc/arm-none-eabi/12.3.1/../../../../arm-none-eabi/lib/thumb/v7-m/nofp\libnosys.a
END GROUP
START GROUP
LOAD C:/Program Files/STM32CubeIDE_1.17.0/STM32CubeIDE/plugins/com.st.stm32cube.ide.mcu.externaltools.gnu-tools-for-stm32.12.3.rel1.win32_1.1.0.202410251130/tools/bin/../lib/gcc/arm-none-eabi/12.3.1/thumb/v7-m/nofp\libgcc.a
LOAD C:/Program Files/STM32CubeIDE_1.17.0/STM32CubeIDE/plugins/com.st.stm32cube.ide.mcu.externaltools.gnu-tools-for-stm32.12.3.rel1.win32_1.1.0.202410251130/tools/bin/../lib/gcc/arm-none-eabi/12.3.1/../../../../arm-none-eabi/lib/thumb/v7-m/nofp\libc_nano.a
LOAD C:/Program Files/STM32CubeIDE_1.17.0/STM32CubeIDE/plugins/com.st.stm32cube.ide.mcu.externaltools.gnu-tools-for-stm32.12.3.rel1.win32_1.1.0.202410251130/tools/bin/../lib/gcc/arm-none-eabi/12.3.1/../../../../arm-none-eabi/lib/thumb/v7-m/nofp\libnosys.a
END GROUP
LOAD C:/Program Files/STM32CubeIDE_1.17.0/STM32CubeIDE/plugins/com.st.stm32cube.ide.mcu.externaltools.gnu-tools-for-stm32.12.3.rel1.win32_1.1.0.202410251130/tools/bin/../lib/gcc/arm-none-eabi/12.3.1/thumb/v7-m/nofp/crtend.o
LOAD C:/Program Files/STM32CubeIDE_1.17.0/STM32CubeIDE/plugins/com.st.stm32cube.ide.mcu.externaltools.gnu-tools-for-stm32.12.3.rel1.win32_1.1.0.202410251130/tools/bin/../lib/gcc/arm-none-eabi/12.3.1/thumb/v7-m/nofp/crtn.o
                0x20010000                        _estack = (ORIGIN (RAM) + LENGTH (RAM))
                0x00000200                        _Min_Heap_Size = 0x200
                0x00000400                        _Min_Stack_Size = 0x400

.isr_vector     0x08000000      0x1e4
                0x08000000                        . = ALIGN (0x4)
 *(.isr_vector)
 .isr_vector    0x08000000      0x1e4 ./Core/Startup/startup_stm32f103zetx.o
                0x08000000                g_pfnVectors
                0x080001e4                        . = ALIGN (0x4)

.text           0x080001e4     0x5248
                0x080001e4                        . = ALIGN (0x4)
 *(.text)
 .text          0x080001e4       0x40 C:/Program Files/STM32CubeIDE_1.17.0/STM32CubeIDE/plugins/com.st.stm32cube.ide.mcu.externaltools.gnu-tools-for-stm32.12.3.rel1.win32_1.1.0.202410251130/tools/bin/../lib/gcc/arm-none-eabi/12.3.1/thumb/v7-m/nofp/crtbegin.o
 *(.text*)
 .text.main     0x08000224       0x8c ./Core/Src/main.o
                0x08000224                main
 .text.SystemClock_Config
                0x080002b0       0x8e ./Core/Src/main.o
                0x080002b0                SystemClock_Config
 *fill*         0x0800033e        0x2 
 .text.MX_IWDG_Init
                0x08000340       0x34 ./Core/Src/main.o
 .text.MX_SPI2_Init
                0x08000374       0x6c ./Core/Src/main.o
 .text.MX_USART1_UART_Init
                0x080003e0       0x74 ./Core/Src/main.o
 .text.MX_DMA_Init
                0x08000454       0x4c ./Core/Src/main.o
 .text.MX_GPIO_Init
                0x080004a0      0x154 ./Core/Src/main.o
 .text.Error_Handler
                0x080005f4        0xc ./Core/Src/main.o
                0x080005f4                Error_Handler
 .text.HAL_MspInit
                0x08000600       0x64 ./Core/Src/stm32f1xx_hal_msp.o
                0x08000600                HAL_MspInit
 .text.HAL_SPI_MspInit
                0x08000664       0x98 ./Core/Src/stm32f1xx_hal_msp.o
                0x08000664                HAL_SPI_MspInit
 .text.HAL_UART_MspInit
                0x080006fc      0x154 ./Core/Src/stm32f1xx_hal_msp.o
                0x080006fc                HAL_UART_MspInit
 .text.NMI_Handler
                0x08000850        0x8 ./Core/Src/stm32f1xx_it.o
                0x08000850                NMI_Handler
 .text.HardFault_Handler
                0x08000858        0x8 ./Core/Src/stm32f1xx_it.o
                0x08000858                HardFault_Handler
 .text.MemManage_Handler
                0x08000860        0x8 ./Core/Src/stm32f1xx_it.o
                0x08000860                MemManage_Handler
 .text.BusFault_Handler
                0x08000868        0x8 ./Core/Src/stm32f1xx_it.o
                0x08000868                BusFault_Handler
 .text.UsageFault_Handler
                0x08000870        0x8 ./Core/Src/stm32f1xx_it.o
                0x08000870                UsageFault_Handler
 .text.SVC_Handler
                0x08000878        0xc ./Core/Src/stm32f1xx_it.o
                0x08000878                SVC_Handler
 .text.DebugMon_Handler
                0x08000884        0xc ./Core/Src/stm32f1xx_it.o
                0x08000884                DebugMon_Handler
 .text.PendSV_Handler
                0x08000890        0xc ./Core/Src/stm32f1xx_it.o
                0x08000890                PendSV_Handler
 .text.SysTick_Handler
                0x0800089c        0xc ./Core/Src/stm32f1xx_it.o
                0x0800089c                SysTick_Handler
 .text.DMA1_Channel4_IRQHandler
                0x080008a8       0x14 ./Core/Src/stm32f1xx_it.o
                0x080008a8                DMA1_Channel4_IRQHandler
 .text.DMA1_Channel5_IRQHandler
                0x080008bc       0x14 ./Core/Src/stm32f1xx_it.o
                0x080008bc                DMA1_Channel5_IRQHandler
 .text.USART1_IRQHandler
                0x080008d0       0x18 ./Core/Src/stm32f1xx_it.o
                0x080008d0                USART1_IRQHandler
 .text._read    0x080008e8       0x3a ./Core/Src/syscalls.o
                0x080008e8                _read
 .text._write   0x08000922       0x38 ./Core/Src/syscalls.o
                0x08000922                _write
 .text._close   0x0800095a       0x16 ./Core/Src/syscalls.o
                0x0800095a                _close
 .text._fstat   0x08000970       0x1e ./Core/Src/syscalls.o
                0x08000970                _fstat
 .text._isatty  0x0800098e       0x14 ./Core/Src/syscalls.o
                0x0800098e                _isatty
 .text._lseek   0x080009a2       0x18 ./Core/Src/syscalls.o
                0x080009a2                _lseek
 *fill*         0x080009ba        0x2 
 .text._sbrk    0x080009bc       0x6c ./Core/Src/sysmem.o
                0x080009bc                _sbrk
 .text.SystemInit
                0x08000a28        0xc ./Core/Src/system_stm32f1xx.o
                0x08000a28                SystemInit
 .text.Reset_Handler
                0x08000a34       0x48 ./Core/Startup/startup_stm32f103zetx.o
                0x08000a34                Reset_Handler
 .text.Default_Handler
                0x08000a7c        0x2 ./Core/Startup/startup_stm32f103zetx.o
                0x08000a7c                RTC_Alarm_IRQHandler
                0x08000a7c                EXTI2_IRQHandler
                0x08000a7c                TIM8_TRG_COM_IRQHandler
                0x08000a7c                TIM8_CC_IRQHandler
                0x08000a7c                TIM1_CC_IRQHandler
                0x08000a7c                TIM6_IRQHandler
                0x08000a7c                PVD_IRQHandler
                0x08000a7c                SDIO_IRQHandler
                0x08000a7c                EXTI3_IRQHandler
                0x08000a7c                EXTI0_IRQHandler
                0x08000a7c                I2C2_EV_IRQHandler
                0x08000a7c                ADC1_2_IRQHandler
                0x08000a7c                SPI1_IRQHandler
                0x08000a7c                TAMPER_IRQHandler
                0x08000a7c                TIM8_UP_IRQHandler
                0x08000a7c                DMA2_Channel2_IRQHandler
                0x08000a7c                USART3_IRQHandler
                0x08000a7c                RTC_IRQHandler
                0x08000a7c                DMA1_Channel7_IRQHandler
                0x08000a7c                CAN1_RX1_IRQHandler
                0x08000a7c                UART5_IRQHandler
                0x08000a7c                ADC3_IRQHandler
                0x08000a7c                TIM4_IRQHandler
                0x08000a7c                DMA2_Channel1_IRQHandler
                0x08000a7c                I2C1_EV_IRQHandler
                0x08000a7c                DMA1_Channel6_IRQHandler
                0x08000a7c                UART4_IRQHandler
                0x08000a7c                TIM3_IRQHandler
                0x08000a7c                RCC_IRQHandler
                0x08000a7c                TIM1_TRG_COM_IRQHandler
                0x08000a7c                DMA1_Channel1_IRQHandler
                0x08000a7c                Default_Handler
                0x08000a7c                EXTI15_10_IRQHandler
                0x08000a7c                TIM7_IRQHandler
                0x08000a7c                TIM5_IRQHandler
                0x08000a7c                EXTI9_5_IRQHandler
                0x08000a7c                SPI2_IRQHandler
                0x08000a7c                EXTI4_IRQHandler
                0x08000a7c                USB_LP_CAN1_RX0_IRQHandler
                0x08000a7c                USB_HP_CAN1_TX_IRQHandler
                0x08000a7c                DMA1_Channel3_IRQHandler
                0x08000a7c                FSMC_IRQHandler
                0x08000a7c                TIM1_UP_IRQHandler
                0x08000a7c                WWDG_IRQHandler
                0x08000a7c                TIM2_IRQHandler
                0x08000a7c                TIM1_BRK_IRQHandler
                0x08000a7c                EXTI1_IRQHandler
                0x08000a7c                DMA2_Channel4_5_IRQHandler
                0x08000a7c                USART2_IRQHandler
                0x08000a7c                I2C2_ER_IRQHandler
                0x08000a7c                DMA1_Channel2_IRQHandler
                0x08000a7c                TIM8_BRK_IRQHandler
                0x08000a7c                CAN1_SCE_IRQHandler
                0x08000a7c                FLASH_IRQHandler
                0x08000a7c                SPI3_IRQHandler
                0x08000a7c                I2C1_ER_IRQHandler
                0x08000a7c                USBWakeUp_IRQHandler
                0x08000a7c                DMA2_Channel3_IRQHandler
 *fill*         0x08000a7e        0x2 
 .text.GetCrc_16
                0x08000a80       0x58 ./Core/user/bootload.o
                0x08000a80                GetCrc_16
 .text.SendBootLoad
                0x08000ad8      0x120 ./Core/user/bootload.o
                0x08000ad8                SendBootLoad
 .text.JumpProgram
                0x08000bf8       0x40 ./Core/user/bootload.o
                0x08000bf8                JumpProgram
 .text.BootLoad
                0x08000c38       0xe0 ./Core/user/bootload.o
                0x08000c38                BootLoad
 .text.Read_Flash_halfword
                0x08000d18       0x18 ./Core/user/flash.o
                0x08000d18                Read_Flash_halfword
 .text.Read_Flash
                0x08000d30       0x44 ./Core/user/flash.o
                0x08000d30                Read_Flash
 .text.flash_write_nocheck
                0x08000d74       0x50 ./Core/user/flash.o
                0x08000d74                flash_write_nocheck
 .text.write_flash
                0x08000dc4      0x168 ./Core/user/flash.o
                0x08000dc4                write_flash
 .text.__io_putchar
                0x08000f2c       0x34 ./Core/user/usart_interface.o
                0x08000f2c                __io_putchar
 .text.usartSend
                0x08000f60       0x44 ./Core/user/usart_interface.o
                0x08000f60                usartSend
 .text.USART_IRQHandler_myself
                0x08000fa4       0x80 ./Core/user/usart_interface.o
                0x08000fa4                USART_IRQHandler_myself
 .text.HAL_UART_ErrorCallback
                0x08001024       0xe0 ./Core/user/usart_interface.o
                0x08001024                HAL_UART_ErrorCallback
 .text.w25q128_spi_swap_byte
                0x08001104       0x30 ./Core/user/w25q128.o
                0x08001104                w25q128_spi_swap_byte
 .text.w25q128_read_id
                0x08001134       0x64 ./Core/user/w25q128.o
                0x08001134                w25q128_read_id
 .text.flash_read_byte
                0x08001198       0x38 ./Core/user/w25q64.o
                0x08001198                flash_read_byte
 .text.flash_send_byte
                0x080011d0       0x38 ./Core/user/w25q64.o
                0x080011d0                flash_send_byte
 .text.flash_read_ID
                0x08001208       0x5c ./Core/user/w25q64.o
                0x08001208                flash_read_ID
 .text.HAL_Init
                0x08001264       0x2c ./Drivers/STM32F1xx_HAL_Driver/Src/stm32f1xx_hal.o
                0x08001264                HAL_Init
 .text.HAL_InitTick
                0x08001290       0x60 ./Drivers/STM32F1xx_HAL_Driver/Src/stm32f1xx_hal.o
                0x08001290                HAL_InitTick
 .text.HAL_IncTick
                0x080012f0       0x24 ./Drivers/STM32F1xx_HAL_Driver/Src/stm32f1xx_hal.o
                0x080012f0                HAL_IncTick
 .text.HAL_GetTick
                0x08001314       0x14 ./Drivers/STM32F1xx_HAL_Driver/Src/stm32f1xx_hal.o
                0x08001314                HAL_GetTick
 .text.HAL_Delay
                0x08001328       0x48 ./Drivers/STM32F1xx_HAL_Driver/Src/stm32f1xx_hal.o
                0x08001328                HAL_Delay
 .text.__NVIC_SetPriorityGrouping
                0x08001370       0x48 ./Drivers/STM32F1xx_HAL_Driver/Src/stm32f1xx_hal_cortex.o
 .text.__NVIC_GetPriorityGrouping
                0x080013b8       0x1c ./Drivers/STM32F1xx_HAL_Driver/Src/stm32f1xx_hal_cortex.o
 .text.__NVIC_EnableIRQ
                0x080013d4       0x38 ./Drivers/STM32F1xx_HAL_Driver/Src/stm32f1xx_hal_cortex.o
 .text.__NVIC_SetPriority
                0x0800140c       0x54 ./Drivers/STM32F1xx_HAL_Driver/Src/stm32f1xx_hal_cortex.o
 .text.NVIC_EncodePriority
                0x08001460       0x64 ./Drivers/STM32F1xx_HAL_Driver/Src/stm32f1xx_hal_cortex.o
 .text.SysTick_Config
                0x080014c4       0x44 ./Drivers/STM32F1xx_HAL_Driver/Src/stm32f1xx_hal_cortex.o
 .text.HAL_NVIC_SetPriorityGrouping
                0x08001508       0x16 ./Drivers/STM32F1xx_HAL_Driver/Src/stm32f1xx_hal_cortex.o
                0x08001508                HAL_NVIC_SetPriorityGrouping
 .text.HAL_NVIC_SetPriority
                0x0800151e       0x38 ./Drivers/STM32F1xx_HAL_Driver/Src/stm32f1xx_hal_cortex.o
                0x0800151e                HAL_NVIC_SetPriority
 .text.HAL_NVIC_EnableIRQ
                0x08001556       0x1c ./Drivers/STM32F1xx_HAL_Driver/Src/stm32f1xx_hal_cortex.o
                0x08001556                HAL_NVIC_EnableIRQ
 .text.HAL_SYSTICK_Config
                0x08001572       0x18 ./Drivers/STM32F1xx_HAL_Driver/Src/stm32f1xx_hal_cortex.o
                0x08001572                HAL_SYSTICK_Config
 *fill*         0x0800158a        0x2 
 .text.HAL_DMA_Init
                0x0800158c       0xec ./Drivers/STM32F1xx_HAL_Driver/Src/stm32f1xx_hal_dma.o
                0x0800158c                HAL_DMA_Init
 .text.HAL_DMA_Start_IT
                0x08001678       0xc0 ./Drivers/STM32F1xx_HAL_Driver/Src/stm32f1xx_hal_dma.o
                0x08001678                HAL_DMA_Start_IT
 .text.HAL_DMA_Abort
                0x08001738       0x76 ./Drivers/STM32F1xx_HAL_Driver/Src/stm32f1xx_hal_dma.o
                0x08001738                HAL_DMA_Abort
 *fill*         0x080017ae        0x2 
 .text.HAL_DMA_Abort_IT
                0x080017b0      0x210 ./Drivers/STM32F1xx_HAL_Driver/Src/stm32f1xx_hal_dma.o
                0x080017b0                HAL_DMA_Abort_IT
 .text.HAL_DMA_IRQHandler
                0x080019c0      0x478 ./Drivers/STM32F1xx_HAL_Driver/Src/stm32f1xx_hal_dma.o
                0x080019c0                HAL_DMA_IRQHandler
 .text.DMA_SetConfig
                0x08001e38       0x5a ./Drivers/STM32F1xx_HAL_Driver/Src/stm32f1xx_hal_dma.o
 *fill*         0x08001e92        0x2 
 .text.HAL_FLASH_Program
                0x08001e94       0xe0 ./Drivers/STM32F1xx_HAL_Driver/Src/stm32f1xx_hal_flash.o
                0x08001e94                HAL_FLASH_Program
 .text.HAL_FLASH_Unlock
                0x08001f74       0x4c ./Drivers/STM32F1xx_HAL_Driver/Src/stm32f1xx_hal_flash.o
                0x08001f74                HAL_FLASH_Unlock
 .text.HAL_FLASH_Lock
                0x08001fc0       0x20 ./Drivers/STM32F1xx_HAL_Driver/Src/stm32f1xx_hal_flash.o
                0x08001fc0                HAL_FLASH_Lock
 .text.FLASH_Program_HalfWord
                0x08001fe0       0x38 ./Drivers/STM32F1xx_HAL_Driver/Src/stm32f1xx_hal_flash.o
 .text.FLASH_WaitForLastOperation
                0x08002018       0x8c ./Drivers/STM32F1xx_HAL_Driver/Src/stm32f1xx_hal_flash.o
                0x08002018                FLASH_WaitForLastOperation
 .text.FLASH_SetErrorCode
                0x080020a4       0xa0 ./Drivers/STM32F1xx_HAL_Driver/Src/stm32f1xx_hal_flash.o
 .text.HAL_FLASHEx_Erase
                0x08002144       0xd8 ./Drivers/STM32F1xx_HAL_Driver/Src/stm32f1xx_hal_flash_ex.o
                0x08002144                HAL_FLASHEx_Erase
 .text.FLASH_MassErase
                0x0800221c       0x38 ./Drivers/STM32F1xx_HAL_Driver/Src/stm32f1xx_hal_flash_ex.o
 .text.FLASH_PageErase
                0x08002254       0x40 ./Drivers/STM32F1xx_HAL_Driver/Src/stm32f1xx_hal_flash_ex.o
                0x08002254                FLASH_PageErase
 .text.HAL_GPIO_Init
                0x08002294      0x328 ./Drivers/STM32F1xx_HAL_Driver/Src/stm32f1xx_hal_gpio.o
                0x08002294                HAL_GPIO_Init
 .text.HAL_GPIO_WritePin
                0x080025bc       0x30 ./Drivers/STM32F1xx_HAL_Driver/Src/stm32f1xx_hal_gpio.o
                0x080025bc                HAL_GPIO_WritePin
 .text.HAL_GPIO_TogglePin
                0x080025ec       0x32 ./Drivers/STM32F1xx_HAL_Driver/Src/stm32f1xx_hal_gpio.o
                0x080025ec                HAL_GPIO_TogglePin
 .text.HAL_IWDG_Init
                0x0800261e       0x88 ./Drivers/STM32F1xx_HAL_Driver/Src/stm32f1xx_hal_iwdg.o
                0x0800261e                HAL_IWDG_Init
 .text.HAL_IWDG_Refresh
                0x080026a6       0x1e ./Drivers/STM32F1xx_HAL_Driver/Src/stm32f1xx_hal_iwdg.o
                0x080026a6                HAL_IWDG_Refresh
 .text.HAL_RCC_OscConfig
                0x080026c4      0x504 ./Drivers/STM32F1xx_HAL_Driver/Src/stm32f1xx_hal_rcc.o
                0x080026c4                HAL_RCC_OscConfig
 .text.HAL_RCC_ClockConfig
                0x08002bc8      0x1d4 ./Drivers/STM32F1xx_HAL_Driver/Src/stm32f1xx_hal_rcc.o
                0x08002bc8                HAL_RCC_ClockConfig
 .text.HAL_RCC_GetSysClockFreq
                0x08002d9c       0xa8 ./Drivers/STM32F1xx_HAL_Driver/Src/stm32f1xx_hal_rcc.o
                0x08002d9c                HAL_RCC_GetSysClockFreq
 .text.HAL_RCC_GetHCLKFreq
                0x08002e44       0x14 ./Drivers/STM32F1xx_HAL_Driver/Src/stm32f1xx_hal_rcc.o
                0x08002e44                HAL_RCC_GetHCLKFreq
 .text.HAL_RCC_GetPCLK1Freq
                0x08002e58       0x28 ./Drivers/STM32F1xx_HAL_Driver/Src/stm32f1xx_hal_rcc.o
                0x08002e58                HAL_RCC_GetPCLK1Freq
 .text.HAL_RCC_GetPCLK2Freq
                0x08002e80       0x28 ./Drivers/STM32F1xx_HAL_Driver/Src/stm32f1xx_hal_rcc.o
                0x08002e80                HAL_RCC_GetPCLK2Freq
 .text.RCC_Delay
                0x08002ea8       0x3c ./Drivers/STM32F1xx_HAL_Driver/Src/stm32f1xx_hal_rcc.o
 .text.HAL_SPI_Init
                0x08002ee4      0x108 ./Drivers/STM32F1xx_HAL_Driver/Src/stm32f1xx_hal_spi.o
                0x08002ee4                HAL_SPI_Init
 .text.HAL_SPI_TransmitReceive
                0x08002fec      0x352 ./Drivers/STM32F1xx_HAL_Driver/Src/stm32f1xx_hal_spi.o
                0x08002fec                HAL_SPI_TransmitReceive
 *fill*         0x0800333e        0x2 
 .text.SPI_WaitFlagStateUntilTimeout
                0x08003340      0x110 ./Drivers/STM32F1xx_HAL_Driver/Src/stm32f1xx_hal_spi.o
 .text.SPI_EndRxTxTransaction
                0x08003450       0x62 ./Drivers/STM32F1xx_HAL_Driver/Src/stm32f1xx_hal_spi.o
 .text.HAL_UART_Init
                0x080034b2       0xa0 ./Drivers/STM32F1xx_HAL_Driver/Src/stm32f1xx_hal_uart.o
                0x080034b2                HAL_UART_Init
 *fill*         0x08003552        0x2 
 .text.HAL_UART_Transmit_DMA
                0x08003554       0xe0 ./Drivers/STM32F1xx_HAL_Driver/Src/stm32f1xx_hal_uart.o
                0x08003554                HAL_UART_Transmit_DMA
 .text.HAL_UART_Receive_DMA
                0x08003634       0x4a ./Drivers/STM32F1xx_HAL_Driver/Src/stm32f1xx_hal_uart.o
                0x08003634                HAL_UART_Receive_DMA
 .text.HAL_UART_DMAStop
                0x0800367e       0xfe ./Drivers/STM32F1xx_HAL_Driver/Src/stm32f1xx_hal_uart.o
                0x0800367e                HAL_UART_DMAStop
 .text.HAL_UART_IRQHandler
                0x0800377c      0x524 ./Drivers/STM32F1xx_HAL_Driver/Src/stm32f1xx_hal_uart.o
                0x0800377c                HAL_UART_IRQHandler
 .text.HAL_UART_TxCpltCallback
                0x08003ca0       0x12 ./Drivers/STM32F1xx_HAL_Driver/Src/stm32f1xx_hal_uart.o
                0x08003ca0                HAL_UART_TxCpltCallback
 .text.HAL_UART_TxHalfCpltCallback
                0x08003cb2       0x12 ./Drivers/STM32F1xx_HAL_Driver/Src/stm32f1xx_hal_uart.o
                0x08003cb2                HAL_UART_TxHalfCpltCallback
 .text.HAL_UART_RxCpltCallback
                0x08003cc4       0x12 ./Drivers/STM32F1xx_HAL_Driver/Src/stm32f1xx_hal_uart.o
                0x08003cc4                HAL_UART_RxCpltCallback
 .text.HAL_UART_RxHalfCpltCallback
                0x08003cd6       0x12 ./Drivers/STM32F1xx_HAL_Driver/Src/stm32f1xx_hal_uart.o
                0x08003cd6                HAL_UART_RxHalfCpltCallback
 .text.HAL_UARTEx_RxEventCallback
                0x08003ce8       0x16 ./Drivers/STM32F1xx_HAL_Driver/Src/stm32f1xx_hal_uart.o
                0x08003ce8                HAL_UARTEx_RxEventCallback
 .text.UART_DMATransmitCplt
                0x08003cfe       0x9a ./Drivers/STM32F1xx_HAL_Driver/Src/stm32f1xx_hal_uart.o
 .text.UART_DMATxHalfCplt
                0x08003d98       0x1c ./Drivers/STM32F1xx_HAL_Driver/Src/stm32f1xx_hal_uart.o
 .text.UART_DMAReceiveCplt
                0x08003db4      0x12c ./Drivers/STM32F1xx_HAL_Driver/Src/stm32f1xx_hal_uart.o
 .text.UART_DMARxHalfCplt
                0x08003ee0       0x3c ./Drivers/STM32F1xx_HAL_Driver/Src/stm32f1xx_hal_uart.o
 .text.UART_DMAError
                0x08003f1c       0x94 ./Drivers/STM32F1xx_HAL_Driver/Src/stm32f1xx_hal_uart.o
 .text.UART_Start_Receive_DMA
                0x08003fb0      0x134 ./Drivers/STM32F1xx_HAL_Driver/Src/stm32f1xx_hal_uart.o
                0x08003fb0                UART_Start_Receive_DMA
 .text.UART_EndTxTransfer
                0x080040e4       0x4e ./Drivers/STM32F1xx_HAL_Driver/Src/stm32f1xx_hal_uart.o
 .text.UART_EndRxTransfer
                0x08004132       0xc4 ./Drivers/STM32F1xx_HAL_Driver/Src/stm32f1xx_hal_uart.o
 .text.UART_DMAAbortOnError
                0x080041f6       0x28 ./Drivers/STM32F1xx_HAL_Driver/Src/stm32f1xx_hal_uart.o
 .text.UART_Transmit_IT
                0x0800421e       0x9e ./Drivers/STM32F1xx_HAL_Driver/Src/stm32f1xx_hal_uart.o
 .text.UART_EndTransmit_IT
                0x080042bc       0x30 ./Drivers/STM32F1xx_HAL_Driver/Src/stm32f1xx_hal_uart.o
 .text.UART_Receive_IT
                0x080042ec      0x17c ./Drivers/STM32F1xx_HAL_Driver/Src/stm32f1xx_hal_uart.o
 .text.UART_SetConfig
                0x08004468      0x11c ./Drivers/STM32F1xx_HAL_Driver/Src/stm32f1xx_hal_uart.o
 .text.std      0x08004584       0x6c C:/Program Files/STM32CubeIDE_1.17.0/STM32CubeIDE/plugins/com.st.stm32cube.ide.mcu.externaltools.gnu-tools-for-stm32.12.3.rel1.win32_1.1.0.202410251130/tools/bin/../lib/gcc/arm-none-eabi/12.3.1/../../../../arm-none-eabi/lib/thumb/v7-m/nofp\libc_nano.a(libc_a-findfp.o)
 .text.stdio_exit_handler
                0x080045f0       0x18 C:/Program Files/STM32CubeIDE_1.17.0/STM32CubeIDE/plugins/com.st.stm32cube.ide.mcu.externaltools.gnu-tools-for-stm32.12.3.rel1.win32_1.1.0.202410251130/tools/bin/../lib/gcc/arm-none-eabi/12.3.1/../../../../arm-none-eabi/lib/thumb/v7-m/nofp\libc_nano.a(libc_a-findfp.o)
 .text.cleanup_stdio
                0x08004608       0x40 C:/Program Files/STM32CubeIDE_1.17.0/STM32CubeIDE/plugins/com.st.stm32cube.ide.mcu.externaltools.gnu-tools-for-stm32.12.3.rel1.win32_1.1.0.202410251130/tools/bin/../lib/gcc/arm-none-eabi/12.3.1/../../../../arm-none-eabi/lib/thumb/v7-m/nofp\libc_nano.a(libc_a-findfp.o)
 .text.global_stdio_init.part.0
                0x08004648       0x3c C:/Program Files/STM32CubeIDE_1.17.0/STM32CubeIDE/plugins/com.st.stm32cube.ide.mcu.externaltools.gnu-tools-for-stm32.12.3.rel1.win32_1.1.0.202410251130/tools/bin/../lib/gcc/arm-none-eabi/12.3.1/../../../../arm-none-eabi/lib/thumb/v7-m/nofp\libc_nano.a(libc_a-findfp.o)
 .text.__sfp_lock_acquire
                0x08004684        0xc C:/Program Files/STM32CubeIDE_1.17.0/STM32CubeIDE/plugins/com.st.stm32cube.ide.mcu.externaltools.gnu-tools-for-stm32.12.3.rel1.win32_1.1.0.202410251130/tools/bin/../lib/gcc/arm-none-eabi/12.3.1/../../../../arm-none-eabi/lib/thumb/v7-m/nofp\libc_nano.a(libc_a-findfp.o)
                0x08004684                __sfp_lock_acquire
 .text.__sfp_lock_release
                0x08004690        0xc C:/Program Files/STM32CubeIDE_1.17.0/STM32CubeIDE/plugins/com.st.stm32cube.ide.mcu.externaltools.gnu-tools-for-stm32.12.3.rel1.win32_1.1.0.202410251130/tools/bin/../lib/gcc/arm-none-eabi/12.3.1/../../../../arm-none-eabi/lib/thumb/v7-m/nofp\libc_nano.a(libc_a-findfp.o)
                0x08004690                __sfp_lock_release
 .text.__sinit  0x0800469c       0x30 C:/Program Files/STM32CubeIDE_1.17.0/STM32CubeIDE/plugins/com.st.stm32cube.ide.mcu.externaltools.gnu-tools-for-stm32.12.3.rel1.win32_1.1.0.202410251130/tools/bin/../lib/gcc/arm-none-eabi/12.3.1/../../../../arm-none-eabi/lib/thumb/v7-m/nofp\libc_nano.a(libc_a-findfp.o)
                0x0800469c                __sinit
 .text._fwalk_sglue
                0x080046cc       0x3c C:/Program Files/STM32CubeIDE_1.17.0/STM32CubeIDE/plugins/com.st.stm32cube.ide.mcu.externaltools.gnu-tools-for-stm32.12.3.rel1.win32_1.1.0.202410251130/tools/bin/../lib/gcc/arm-none-eabi/12.3.1/../../../../arm-none-eabi/lib/thumb/v7-m/nofp\libc_nano.a(libc_a-fwalk.o)
                0x080046cc                _fwalk_sglue
 .text.printf   0x08004708       0x24 C:/Program Files/STM32CubeIDE_1.17.0/STM32CubeIDE/plugins/com.st.stm32cube.ide.mcu.externaltools.gnu-tools-for-stm32.12.3.rel1.win32_1.1.0.202410251130/tools/bin/../lib/gcc/arm-none-eabi/12.3.1/../../../../arm-none-eabi/lib/thumb/v7-m/nofp\libc_nano.a(libc_a-printf.o)
                0x08004708                iprintf
                0x08004708                printf
 .text.__sread  0x0800472c       0x22 C:/Program Files/STM32CubeIDE_1.17.0/STM32CubeIDE/plugins/com.st.stm32cube.ide.mcu.externaltools.gnu-tools-for-stm32.12.3.rel1.win32_1.1.0.202410251130/tools/bin/../lib/gcc/arm-none-eabi/12.3.1/../../../../arm-none-eabi/lib/thumb/v7-m/nofp\libc_nano.a(libc_a-stdio.o)
                0x0800472c                __sread
 .text.__swrite
                0x0800474e       0x38 C:/Program Files/STM32CubeIDE_1.17.0/STM32CubeIDE/plugins/com.st.stm32cube.ide.mcu.externaltools.gnu-tools-for-stm32.12.3.rel1.win32_1.1.0.202410251130/tools/bin/../lib/gcc/arm-none-eabi/12.3.1/../../../../arm-none-eabi/lib/thumb/v7-m/nofp\libc_nano.a(libc_a-stdio.o)
                0x0800474e                __swrite
 .text.__sseek  0x08004786       0x24 C:/Program Files/STM32CubeIDE_1.17.0/STM32CubeIDE/plugins/com.st.stm32cube.ide.mcu.externaltools.gnu-tools-for-stm32.12.3.rel1.win32_1.1.0.202410251130/tools/bin/../lib/gcc/arm-none-eabi/12.3.1/../../../../arm-none-eabi/lib/thumb/v7-m/nofp\libc_nano.a(libc_a-stdio.o)
                0x08004786                __sseek
 .text.__sclose
                0x080047aa        0x8 C:/Program Files/STM32CubeIDE_1.17.0/STM32CubeIDE/plugins/com.st.stm32cube.ide.mcu.externaltools.gnu-tools-for-stm32.12.3.rel1.win32_1.1.0.202410251130/tools/bin/../lib/gcc/arm-none-eabi/12.3.1/../../../../arm-none-eabi/lib/thumb/v7-m/nofp\libc_nano.a(libc_a-stdio.o)
                0x080047aa                __sclose
 .text.memset   0x080047b2       0x10 C:/Program Files/STM32CubeIDE_1.17.0/STM32CubeIDE/plugins/com.st.stm32cube.ide.mcu.externaltools.gnu-tools-for-stm32.12.3.rel1.win32_1.1.0.202410251130/tools/bin/../lib/gcc/arm-none-eabi/12.3.1/../../../../arm-none-eabi/lib/thumb/v7-m/nofp\libc_nano.a(libc_a-memset.o)
                0x080047b2                memset
 *fill*         0x080047c2        0x2 
 .text._close_r
                0x080047c4       0x20 C:/Program Files/STM32CubeIDE_1.17.0/STM32CubeIDE/plugins/com.st.stm32cube.ide.mcu.externaltools.gnu-tools-for-stm32.12.3.rel1.win32_1.1.0.202410251130/tools/bin/../lib/gcc/arm-none-eabi/12.3.1/../../../../arm-none-eabi/lib/thumb/v7-m/nofp\libc_nano.a(libc_a-closer.o)
                0x080047c4                _close_r
 .text._lseek_r
                0x080047e4       0x24 C:/Program Files/STM32CubeIDE_1.17.0/STM32CubeIDE/plugins/com.st.stm32cube.ide.mcu.externaltools.gnu-tools-for-stm32.12.3.rel1.win32_1.1.0.202410251130/tools/bin/../lib/gcc/arm-none-eabi/12.3.1/../../../../arm-none-eabi/lib/thumb/v7-m/nofp\libc_nano.a(libc_a-lseekr.o)
                0x080047e4                _lseek_r
 .text._read_r  0x08004808       0x24 C:/Program Files/STM32CubeIDE_1.17.0/STM32CubeIDE/plugins/com.st.stm32cube.ide.mcu.externaltools.gnu-tools-for-stm32.12.3.rel1.win32_1.1.0.202410251130/tools/bin/../lib/gcc/arm-none-eabi/12.3.1/../../../../arm-none-eabi/lib/thumb/v7-m/nofp\libc_nano.a(libc_a-readr.o)
                0x08004808                _read_r
 .text._write_r
                0x0800482c       0x24 C:/Program Files/STM32CubeIDE_1.17.0/STM32CubeIDE/plugins/com.st.stm32cube.ide.mcu.externaltools.gnu-tools-for-stm32.12.3.rel1.win32_1.1.0.202410251130/tools/bin/../lib/gcc/arm-none-eabi/12.3.1/../../../../arm-none-eabi/lib/thumb/v7-m/nofp\libc_nano.a(libc_a-writer.o)
                0x0800482c                _write_r
 .text.__errno  0x08004850        0xc C:/Program Files/STM32CubeIDE_1.17.0/STM32CubeIDE/plugins/com.st.stm32cube.ide.mcu.externaltools.gnu-tools-for-stm32.12.3.rel1.win32_1.1.0.202410251130/tools/bin/../lib/gcc/arm-none-eabi/12.3.1/../../../../arm-none-eabi/lib/thumb/v7-m/nofp\libc_nano.a(libc_a-errno.o)
                0x08004850                __errno
 .text.__libc_init_array
                0x0800485c       0x48 C:/Program Files/STM32CubeIDE_1.17.0/STM32CubeIDE/plugins/com.st.stm32cube.ide.mcu.externaltools.gnu-tools-for-stm32.12.3.rel1.win32_1.1.0.202410251130/tools/bin/../lib/gcc/arm-none-eabi/12.3.1/../../../../arm-none-eabi/lib/thumb/v7-m/nofp\libc_nano.a(libc_a-init.o)
                0x0800485c                __libc_init_array
 .text.__retarget_lock_init_recursive
                0x080048a4        0x2 C:/Program Files/STM32CubeIDE_1.17.0/STM32CubeIDE/plugins/com.st.stm32cube.ide.mcu.externaltools.gnu-tools-for-stm32.12.3.rel1.win32_1.1.0.202410251130/tools/bin/../lib/gcc/arm-none-eabi/12.3.1/../../../../arm-none-eabi/lib/thumb/v7-m/nofp\libc_nano.a(libc_a-lock.o)
                0x080048a4                __retarget_lock_init_recursive
 .text.__retarget_lock_acquire_recursive
                0x080048a6        0x2 C:/Program Files/STM32CubeIDE_1.17.0/STM32CubeIDE/plugins/com.st.stm32cube.ide.mcu.externaltools.gnu-tools-for-stm32.12.3.rel1.win32_1.1.0.202410251130/tools/bin/../lib/gcc/arm-none-eabi/12.3.1/../../../../arm-none-eabi/lib/thumb/v7-m/nofp\libc_nano.a(libc_a-lock.o)
                0x080048a6                __retarget_lock_acquire_recursive
 .text.__retarget_lock_release_recursive
                0x080048a8        0x2 C:/Program Files/STM32CubeIDE_1.17.0/STM32CubeIDE/plugins/com.st.stm32cube.ide.mcu.externaltools.gnu-tools-for-stm32.12.3.rel1.win32_1.1.0.202410251130/tools/bin/../lib/gcc/arm-none-eabi/12.3.1/../../../../arm-none-eabi/lib/thumb/v7-m/nofp\libc_nano.a(libc_a-lock.o)
                0x080048a8                __retarget_lock_release_recursive
 .text.memcpy   0x080048aa       0x1c C:/Program Files/STM32CubeIDE_1.17.0/STM32CubeIDE/plugins/com.st.stm32cube.ide.mcu.externaltools.gnu-tools-for-stm32.12.3.rel1.win32_1.1.0.202410251130/tools/bin/../lib/gcc/arm-none-eabi/12.3.1/../../../../arm-none-eabi/lib/thumb/v7-m/nofp\libc_nano.a(libc_a-memcpy-stub.o)
                0x080048aa                memcpy
 *fill*         0x080048c6        0x2 
 .text._free_r  0x080048c8       0x90 C:/Program Files/STM32CubeIDE_1.17.0/STM32CubeIDE/plugins/com.st.stm32cube.ide.mcu.externaltools.gnu-tools-for-stm32.12.3.rel1.win32_1.1.0.202410251130/tools/bin/../lib/gcc/arm-none-eabi/12.3.1/../../../../arm-none-eabi/lib/thumb/v7-m/nofp\libc_nano.a(libc_a-freer.o)
                0x080048c8                _free_r
 .text.sbrk_aligned
                0x08004958       0x44 C:/Program Files/STM32CubeIDE_1.17.0/STM32CubeIDE/plugins/com.st.stm32cube.ide.mcu.externaltools.gnu-tools-for-stm32.12.3.rel1.win32_1.1.0.202410251130/tools/bin/../lib/gcc/arm-none-eabi/12.3.1/../../../../arm-none-eabi/lib/thumb/v7-m/nofp\libc_nano.a(libc_a-mallocr.o)
 .text._malloc_r
                0x0800499c      0x100 C:/Program Files/STM32CubeIDE_1.17.0/STM32CubeIDE/plugins/com.st.stm32cube.ide.mcu.externaltools.gnu-tools-for-stm32.12.3.rel1.win32_1.1.0.202410251130/tools/bin/../lib/gcc/arm-none-eabi/12.3.1/../../../../arm-none-eabi/lib/thumb/v7-m/nofp\libc_nano.a(libc_a-mallocr.o)
                0x0800499c                _malloc_r
 .text.__malloc_lock
                0x08004a9c        0xc C:/Program Files/STM32CubeIDE_1.17.0/STM32CubeIDE/plugins/com.st.stm32cube.ide.mcu.externaltools.gnu-tools-for-stm32.12.3.rel1.win32_1.1.0.202410251130/tools/bin/../lib/gcc/arm-none-eabi/12.3.1/../../../../arm-none-eabi/lib/thumb/v7-m/nofp\libc_nano.a(libc_a-mlock.o)
                0x08004a9c                __malloc_lock
 .text.__malloc_unlock
                0x08004aa8        0xc C:/Program Files/STM32CubeIDE_1.17.0/STM32CubeIDE/plugins/com.st.stm32cube.ide.mcu.externaltools.gnu-tools-for-stm32.12.3.rel1.win32_1.1.0.202410251130/tools/bin/../lib/gcc/arm-none-eabi/12.3.1/../../../../arm-none-eabi/lib/thumb/v7-m/nofp\libc_nano.a(libc_a-mlock.o)
                0x08004aa8                __malloc_unlock
 .text.__sfputc_r
                0x08004ab4       0x2a C:/Program Files/STM32CubeIDE_1.17.0/STM32CubeIDE/plugins/com.st.stm32cube.ide.mcu.externaltools.gnu-tools-for-stm32.12.3.rel1.win32_1.1.0.202410251130/tools/bin/../lib/gcc/arm-none-eabi/12.3.1/../../../../arm-none-eabi/lib/thumb/v7-m/nofp\libc_nano.a(libc_a-nano-vfprintf.o)
 .text.__sfputs_r
                0x08004ade       0x24 C:/Program Files/STM32CubeIDE_1.17.0/STM32CubeIDE/plugins/com.st.stm32cube.ide.mcu.externaltools.gnu-tools-for-stm32.12.3.rel1.win32_1.1.0.202410251130/tools/bin/../lib/gcc/arm-none-eabi/12.3.1/../../../../arm-none-eabi/lib/thumb/v7-m/nofp\libc_nano.a(libc_a-nano-vfprintf.o)
                0x08004ade                __sfputs_r
 *fill*         0x08004b02        0x2 
 .text._vfprintf_r
                0x08004b04      0x230 C:/Program Files/STM32CubeIDE_1.17.0/STM32CubeIDE/plugins/com.st.stm32cube.ide.mcu.externaltools.gnu-tools-for-stm32.12.3.rel1.win32_1.1.0.202410251130/tools/bin/../lib/gcc/arm-none-eabi/12.3.1/../../../../arm-none-eabi/lib/thumb/v7-m/nofp\libc_nano.a(libc_a-nano-vfprintf.o)
                0x08004b04                _vfprintf_r
                0x08004b04                _vfiprintf_r
 .text._printf_common
                0x08004d34       0xe4 C:/Program Files/STM32CubeIDE_1.17.0/STM32CubeIDE/plugins/com.st.stm32cube.ide.mcu.externaltools.gnu-tools-for-stm32.12.3.rel1.win32_1.1.0.202410251130/tools/bin/../lib/gcc/arm-none-eabi/12.3.1/../../../../arm-none-eabi/lib/thumb/v7-m/nofp\libc_nano.a(libc_a-nano-vfprintf_i.o)
                0x08004d34                _printf_common
 .text._printf_i
                0x08004e18      0x240 C:/Program Files/STM32CubeIDE_1.17.0/STM32CubeIDE/plugins/com.st.stm32cube.ide.mcu.externaltools.gnu-tools-for-stm32.12.3.rel1.win32_1.1.0.202410251130/tools/bin/../lib/gcc/arm-none-eabi/12.3.1/../../../../arm-none-eabi/lib/thumb/v7-m/nofp\libc_nano.a(libc_a-nano-vfprintf_i.o)
                0x08004e18                _printf_i
 .text.__sflush_r
                0x08005058      0x100 C:/Program Files/STM32CubeIDE_1.17.0/STM32CubeIDE/plugins/com.st.stm32cube.ide.mcu.externaltools.gnu-tools-for-stm32.12.3.rel1.win32_1.1.0.202410251130/tools/bin/../lib/gcc/arm-none-eabi/12.3.1/../../../../arm-none-eabi/lib/thumb/v7-m/nofp\libc_nano.a(libc_a-fflush.o)
                0x08005058                __sflush_r
 .text._fflush_r
                0x08005158       0x50 C:/Program Files/STM32CubeIDE_1.17.0/STM32CubeIDE/plugins/com.st.stm32cube.ide.mcu.externaltools.gnu-tools-for-stm32.12.3.rel1.win32_1.1.0.202410251130/tools/bin/../lib/gcc/arm-none-eabi/12.3.1/../../../../arm-none-eabi/lib/thumb/v7-m/nofp\libc_nano.a(libc_a-fflush.o)
                0x08005158                _fflush_r
 .text.__swbuf_r
                0x080051a8       0x7c C:/Program Files/STM32CubeIDE_1.17.0/STM32CubeIDE/plugins/com.st.stm32cube.ide.mcu.externaltools.gnu-tools-for-stm32.12.3.rel1.win32_1.1.0.202410251130/tools/bin/../lib/gcc/arm-none-eabi/12.3.1/../../../../arm-none-eabi/lib/thumb/v7-m/nofp\libc_nano.a(libc_a-wbuf.o)
                0x080051a8                __swbuf_r
 .text.__swsetup_r
                0x08005224       0xac C:/Program Files/STM32CubeIDE_1.17.0/STM32CubeIDE/plugins/com.st.stm32cube.ide.mcu.externaltools.gnu-tools-for-stm32.12.3.rel1.win32_1.1.0.202410251130/tools/bin/../lib/gcc/arm-none-eabi/12.3.1/../../../../arm-none-eabi/lib/thumb/v7-m/nofp\libc_nano.a(libc_a-wsetup.o)
                0x08005224                __swsetup_r
 .text._sbrk_r  0x080052d0       0x20 C:/Program Files/STM32CubeIDE_1.17.0/STM32CubeIDE/plugins/com.st.stm32cube.ide.mcu.externaltools.gnu-tools-for-stm32.12.3.rel1.win32_1.1.0.202410251130/tools/bin/../lib/gcc/arm-none-eabi/12.3.1/../../../../arm-none-eabi/lib/thumb/v7-m/nofp\libc_nano.a(libc_a-sbrkr.o)
                0x080052d0                _sbrk_r
 .text.memchr   0x080052f0       0x1c C:/Program Files/STM32CubeIDE_1.17.0/STM32CubeIDE/plugins/com.st.stm32cube.ide.mcu.externaltools.gnu-tools-for-stm32.12.3.rel1.win32_1.1.0.202410251130/tools/bin/../lib/gcc/arm-none-eabi/12.3.1/../../../../arm-none-eabi/lib/thumb/v7-m/nofp\libc_nano.a(libc_a-memchr-stub.o)
                0x080052f0                memchr
 .text.__swhatbuf_r
                0x0800530c       0x4a C:/Program Files/STM32CubeIDE_1.17.0/STM32CubeIDE/plugins/com.st.stm32cube.ide.mcu.externaltools.gnu-tools-for-stm32.12.3.rel1.win32_1.1.0.202410251130/tools/bin/../lib/gcc/arm-none-eabi/12.3.1/../../../../arm-none-eabi/lib/thumb/v7-m/nofp\libc_nano.a(libc_a-makebuf.o)
                0x0800530c                __swhatbuf_r
 .text.__smakebuf_r
                0x08005356       0x78 C:/Program Files/STM32CubeIDE_1.17.0/STM32CubeIDE/plugins/com.st.stm32cube.ide.mcu.externaltools.gnu-tools-for-stm32.12.3.rel1.win32_1.1.0.202410251130/tools/bin/../lib/gcc/arm-none-eabi/12.3.1/../../../../arm-none-eabi/lib/thumb/v7-m/nofp\libc_nano.a(libc_a-makebuf.o)
                0x08005356                __smakebuf_r
 *fill*         0x080053ce        0x2 
 .text._fstat_r
                0x080053d0       0x24 C:/Program Files/STM32CubeIDE_1.17.0/STM32CubeIDE/plugins/com.st.stm32cube.ide.mcu.externaltools.gnu-tools-for-stm32.12.3.rel1.win32_1.1.0.202410251130/tools/bin/../lib/gcc/arm-none-eabi/12.3.1/../../../../arm-none-eabi/lib/thumb/v7-m/nofp\libc_nano.a(libc_a-fstatr.o)
                0x080053d0                _fstat_r
 .text._isatty_r
                0x080053f4       0x20 C:/Program Files/STM32CubeIDE_1.17.0/STM32CubeIDE/plugins/com.st.stm32cube.ide.mcu.externaltools.gnu-tools-for-stm32.12.3.rel1.win32_1.1.0.202410251130/tools/bin/../lib/gcc/arm-none-eabi/12.3.1/../../../../arm-none-eabi/lib/thumb/v7-m/nofp\libc_nano.a(libc_a-isattyr.o)
                0x080053f4                _isatty_r
 *(.glue_7)
 .glue_7        0x08005414        0x0 linker stubs
 *(.glue_7t)
 .glue_7t       0x08005414        0x0 linker stubs
 *(.eh_frame)
 .eh_frame      0x08005414        0x0 C:/Program Files/STM32CubeIDE_1.17.0/STM32CubeIDE/plugins/com.st.stm32cube.ide.mcu.externaltools.gnu-tools-for-stm32.12.3.rel1.win32_1.1.0.202410251130/tools/bin/../lib/gcc/arm-none-eabi/12.3.1/thumb/v7-m/nofp/crtbegin.o
 *(.init)
 .init          0x08005414        0x4 C:/Program Files/STM32CubeIDE_1.17.0/STM32CubeIDE/plugins/com.st.stm32cube.ide.mcu.externaltools.gnu-tools-for-stm32.12.3.rel1.win32_1.1.0.202410251130/tools/bin/../lib/gcc/arm-none-eabi/12.3.1/thumb/v7-m/nofp/crti.o
                0x08005414                _init
 .init          0x08005418        0x8 C:/Program Files/STM32CubeIDE_1.17.0/STM32CubeIDE/plugins/com.st.stm32cube.ide.mcu.externaltools.gnu-tools-for-stm32.12.3.rel1.win32_1.1.0.202410251130/tools/bin/../lib/gcc/arm-none-eabi/12.3.1/thumb/v7-m/nofp/crtn.o
 *(.fini)
 .fini          0x08005420        0x4 C:/Program Files/STM32CubeIDE_1.17.0/STM32CubeIDE/plugins/com.st.stm32cube.ide.mcu.externaltools.gnu-tools-for-stm32.12.3.rel1.win32_1.1.0.202410251130/tools/bin/../lib/gcc/arm-none-eabi/12.3.1/thumb/v7-m/nofp/crti.o
                0x08005420                _fini
 .fini          0x08005424        0x8 C:/Program Files/STM32CubeIDE_1.17.0/STM32CubeIDE/plugins/com.st.stm32cube.ide.mcu.externaltools.gnu-tools-for-stm32.12.3.rel1.win32_1.1.0.202410251130/tools/bin/../lib/gcc/arm-none-eabi/12.3.1/thumb/v7-m/nofp/crtn.o
                0x0800542c                        . = ALIGN (0x4)
                0x0800542c                        _etext = .

.vfp11_veneer   0x0800542c        0x0
 .vfp11_veneer  0x0800542c        0x0 linker stubs

.v4_bx          0x0800542c        0x0
 .v4_bx         0x0800542c        0x0 linker stubs

.iplt           0x0800542c        0x0
 .iplt          0x0800542c        0x0 C:/Program Files/STM32CubeIDE_1.17.0/STM32CubeIDE/plugins/com.st.stm32cube.ide.mcu.externaltools.gnu-tools-for-stm32.12.3.rel1.win32_1.1.0.202410251130/tools/bin/../lib/gcc/arm-none-eabi/12.3.1/thumb/v7-m/nofp/crtbegin.o

.rodata         0x0800542c       0x70
                0x0800542c                        . = ALIGN (0x4)
 *(.rodata)
 .rodata        0x0800542c        0xe ./Core/Src/main.o
 *(.rodata*)
 *fill*         0x0800543a        0x2 
 .rodata.AHBPrescTable
                0x0800543c       0x10 ./Core/Src/system_stm32f1xx.o
                0x0800543c                AHBPrescTable
 .rodata.APBPrescTable
                0x0800544c        0x8 ./Core/Src/system_stm32f1xx.o
                0x0800544c                APBPrescTable
 .rodata.aPLLMULFactorTable.1
                0x08005454       0x10 ./Drivers/STM32F1xx_HAL_Driver/Src/stm32f1xx_hal_rcc.o
 .rodata.aPredivFactorTable.0
                0x08005464        0x2 ./Drivers/STM32F1xx_HAL_Driver/Src/stm32f1xx_hal_rcc.o
 .rodata._vfprintf_r.str1.1
                0x08005466       0x11 C:/Program Files/STM32CubeIDE_1.17.0/STM32CubeIDE/plugins/com.st.stm32cube.ide.mcu.externaltools.gnu-tools-for-stm32.12.3.rel1.win32_1.1.0.202410251130/tools/bin/../lib/gcc/arm-none-eabi/12.3.1/../../../../arm-none-eabi/lib/thumb/v7-m/nofp\libc_nano.a(libc_a-nano-vfprintf.o)
 .rodata._printf_i.str1.1
                0x08005477       0x22 C:/Program Files/STM32CubeIDE_1.17.0/STM32CubeIDE/plugins/com.st.stm32cube.ide.mcu.externaltools.gnu-tools-for-stm32.12.3.rel1.win32_1.1.0.202410251130/tools/bin/../lib/gcc/arm-none-eabi/12.3.1/../../../../arm-none-eabi/lib/thumb/v7-m/nofp\libc_nano.a(libc_a-nano-vfprintf_i.o)
                0x0800549c                        . = ALIGN (0x4)
 *fill*         0x08005499        0x3 

.ARM.extab      0x0800549c        0x0
                0x0800549c                        . = ALIGN (0x4)
 *(.ARM.extab* .gnu.linkonce.armextab.*)
                0x0800549c                        . = ALIGN (0x4)

.ARM            0x0800549c        0x0
                0x0800549c                        . = ALIGN (0x4)
                0x0800549c                        __exidx_start = .
 *(.ARM.exidx*)
                0x0800549c                        __exidx_end = .
                0x0800549c                        . = ALIGN (0x4)

.preinit_array  0x0800549c        0x0
                0x0800549c                        . = ALIGN (0x4)
                0x0800549c                        PROVIDE (__preinit_array_start = .)
 *(.preinit_array*)
                0x0800549c                        PROVIDE (__preinit_array_end = .)
                0x0800549c                        . = ALIGN (0x4)

.init_array     0x0800549c        0x4
                0x0800549c                        . = ALIGN (0x4)
                0x0800549c                        PROVIDE (__init_array_start = .)
 *(SORT_BY_NAME(.init_array.*))
 *(.init_array*)
 .init_array    0x0800549c        0x4 C:/Program Files/STM32CubeIDE_1.17.0/STM32CubeIDE/plugins/com.st.stm32cube.ide.mcu.externaltools.gnu-tools-for-stm32.12.3.rel1.win32_1.1.0.202410251130/tools/bin/../lib/gcc/arm-none-eabi/12.3.1/thumb/v7-m/nofp/crtbegin.o
                0x080054a0                        PROVIDE (__init_array_end = .)
                0x080054a0                        . = ALIGN (0x4)

.fini_array     0x080054a0        0x4
                0x080054a0                        . = ALIGN (0x4)
                [!provide]                        PROVIDE (__fini_array_start = .)
 *(SORT_BY_NAME(.fini_array.*))
 *(.fini_array*)
 .fini_array    0x080054a0        0x4 C:/Program Files/STM32CubeIDE_1.17.0/STM32CubeIDE/plugins/com.st.stm32cube.ide.mcu.externaltools.gnu-tools-for-stm32.12.3.rel1.win32_1.1.0.202410251130/tools/bin/../lib/gcc/arm-none-eabi/12.3.1/thumb/v7-m/nofp/crtbegin.o
                [!provide]                        PROVIDE (__fini_array_end = .)
                0x080054a4                        . = ALIGN (0x4)
                0x080054a4                        _sidata = LOADADDR (.data)

.rel.dyn        0x080054a4        0x0
 .rel.iplt      0x080054a4        0x0 C:/Program Files/STM32CubeIDE_1.17.0/STM32CubeIDE/plugins/com.st.stm32cube.ide.mcu.externaltools.gnu-tools-for-stm32.12.3.rel1.win32_1.1.0.202410251130/tools/bin/../lib/gcc/arm-none-eabi/12.3.1/thumb/v7-m/nofp/crtbegin.o

.data           0x20000000      0x268 load address 0x080054a4
                0x20000000                        . = ALIGN (0x4)
                0x20000000                        _sdata = .
 *(.data)
 *(.data*)
 .data.SystemCoreClock
                0x20000000        0x4 ./Core/Src/system_stm32f1xx.o
                0x20000000                SystemCoreClock
 .data.crc_table
                0x20000004      0x200 ./Core/user/bootload.o
                0x20000004                crc_table
 .data.uwTickPrio
                0x20000204        0x4 ./Drivers/STM32F1xx_HAL_Driver/Src/stm32f1xx_hal.o
                0x20000204                uwTickPrio
 .data.uwTickFreq
                0x20000208        0x1 ./Drivers/STM32F1xx_HAL_Driver/Src/stm32f1xx_hal.o
                0x20000208                uwTickFreq
 *fill*         0x20000209        0x3 
 .data.__sglue  0x2000020c        0xc C:/Program Files/STM32CubeIDE_1.17.0/STM32CubeIDE/plugins/com.st.stm32cube.ide.mcu.externaltools.gnu-tools-for-stm32.12.3.rel1.win32_1.1.0.202410251130/tools/bin/../lib/gcc/arm-none-eabi/12.3.1/../../../../arm-none-eabi/lib/thumb/v7-m/nofp\libc_nano.a(libc_a-findfp.o)
                0x2000020c                __sglue
 .data._impure_ptr
                0x20000218        0x4 C:/Program Files/STM32CubeIDE_1.17.0/STM32CubeIDE/plugins/com.st.stm32cube.ide.mcu.externaltools.gnu-tools-for-stm32.12.3.rel1.win32_1.1.0.202410251130/tools/bin/../lib/gcc/arm-none-eabi/12.3.1/../../../../arm-none-eabi/lib/thumb/v7-m/nofp\libc_nano.a(libc_a-impure.o)
                0x20000218                _impure_ptr
 .data._impure_data
                0x2000021c       0x4c C:/Program Files/STM32CubeIDE_1.17.0/STM32CubeIDE/plugins/com.st.stm32cube.ide.mcu.externaltools.gnu-tools-for-stm32.12.3.rel1.win32_1.1.0.202410251130/tools/bin/../lib/gcc/arm-none-eabi/12.3.1/../../../../arm-none-eabi/lib/thumb/v7-m/nofp\libc_nano.a(libc_a-impure.o)
                0x2000021c                _impure_data
 *(.RamFunc)
 *(.RamFunc*)
                0x20000268                        . = ALIGN (0x4)
                0x20000268                        _edata = .

.igot.plt       0x20000268        0x0 load address 0x0800570c
 .igot.plt      0x20000268        0x0 C:/Program Files/STM32CubeIDE_1.17.0/STM32CubeIDE/plugins/com.st.stm32cube.ide.mcu.externaltools.gnu-tools-for-stm32.12.3.rel1.win32_1.1.0.202410251130/tools/bin/../lib/gcc/arm-none-eabi/12.3.1/thumb/v7-m/nofp/crtbegin.o
                0x20000268                        . = ALIGN (0x4)

.bss            0x20000268     0x1354 load address 0x0800570c
                0x20000268                        _sbss = .
                0x20000268                        __bss_start__ = _sbss
 *(.bss)
 .bss           0x20000268       0x1c C:/Program Files/STM32CubeIDE_1.17.0/STM32CubeIDE/plugins/com.st.stm32cube.ide.mcu.externaltools.gnu-tools-for-stm32.12.3.rel1.win32_1.1.0.202410251130/tools/bin/../lib/gcc/arm-none-eabi/12.3.1/thumb/v7-m/nofp/crtbegin.o
 *(.bss*)
 .bss.hiwdg     0x20000284        0xc ./Core/Src/main.o
                0x20000284                hiwdg
 .bss.hspi2     0x20000290       0x58 ./Core/Src/main.o
                0x20000290                hspi2
 .bss.huart1    0x200002e8       0x48 ./Core/Src/main.o
                0x200002e8                huart1
 .bss.hdma_usart1_rx
                0x20000330       0x44 ./Core/Src/main.o
                0x20000330                hdma_usart1_rx
 .bss.hdma_usart1_tx
                0x20000374       0x44 ./Core/Src/main.o
                0x20000374                hdma_usart1_tx
 .bss.__sbrk_heap_end
                0x200003b8        0x4 ./Core/Src/sysmem.o
 .bss.JumpToApplication
                0x200003bc        0x4 ./Core/user/bootload.o
                0x200003bc                JumpToApplication
 .bss.JumpAddress
                0x200003c0        0x4 ./Core/user/bootload.o
                0x200003c0                JumpAddress
 .bss.g_flashbuf
                0x200003c4      0x800 ./Core/user/flash.o
                0x200003c4                g_flashbuf
 .bss.buffer_TX1
                0x20000bc4      0x440 ./Core/user/usart_interface.o
                0x20000bc4                buffer_TX1
 .bss.buffer_RX1
                0x20001004      0x440 ./Core/user/usart_interface.o
                0x20001004                buffer_RX1
 .bss.Rx1Sign   0x20001444        0x1 ./Core/user/usart_interface.o
                0x20001444                Rx1Sign
 *fill*         0x20001445        0x1 
 .bss.Rx1_Count
                0x20001446        0x2 ./Core/user/usart_interface.o
                0x20001446                Rx1_Count
 .bss.uwTick    0x20001448        0x4 ./Drivers/STM32F1xx_HAL_Driver/Src/stm32f1xx_hal.o
                0x20001448                uwTick
 *fill*         0x2000144c        0x4 
 .bss.pFlash    0x20001450       0x20 ./Drivers/STM32F1xx_HAL_Driver/Src/stm32f1xx_hal_flash.o
                0x20001450                pFlash
 .bss.__sf      0x20001470      0x138 C:/Program Files/STM32CubeIDE_1.17.0/STM32CubeIDE/plugins/com.st.stm32cube.ide.mcu.externaltools.gnu-tools-for-stm32.12.3.rel1.win32_1.1.0.202410251130/tools/bin/../lib/gcc/arm-none-eabi/12.3.1/../../../../arm-none-eabi/lib/thumb/v7-m/nofp\libc_nano.a(libc_a-findfp.o)
                0x20001470                __sf
 .bss.__stdio_exit_handler
                0x200015a8        0x4 C:/Program Files/STM32CubeIDE_1.17.0/STM32CubeIDE/plugins/com.st.stm32cube.ide.mcu.externaltools.gnu-tools-for-stm32.12.3.rel1.win32_1.1.0.202410251130/tools/bin/../lib/gcc/arm-none-eabi/12.3.1/../../../../arm-none-eabi/lib/thumb/v7-m/nofp\libc_nano.a(libc_a-findfp.o)
                0x200015a8                __stdio_exit_handler
 .bss.errno     0x200015ac        0x4 C:/Program Files/STM32CubeIDE_1.17.0/STM32CubeIDE/plugins/com.st.stm32cube.ide.mcu.externaltools.gnu-tools-for-stm32.12.3.rel1.win32_1.1.0.202410251130/tools/bin/../lib/gcc/arm-none-eabi/12.3.1/../../../../arm-none-eabi/lib/thumb/v7-m/nofp\libc_nano.a(libc_a-reent.o)
                0x200015ac                errno
 .bss.__lock___malloc_recursive_mutex
                0x200015b0        0x1 C:/Program Files/STM32CubeIDE_1.17.0/STM32CubeIDE/plugins/com.st.stm32cube.ide.mcu.externaltools.gnu-tools-for-stm32.12.3.rel1.win32_1.1.0.202410251130/tools/bin/../lib/gcc/arm-none-eabi/12.3.1/../../../../arm-none-eabi/lib/thumb/v7-m/nofp\libc_nano.a(libc_a-lock.o)
                0x200015b0                __lock___malloc_recursive_mutex
 .bss.__lock___sfp_recursive_mutex
                0x200015b1        0x1 C:/Program Files/STM32CubeIDE_1.17.0/STM32CubeIDE/plugins/com.st.stm32cube.ide.mcu.externaltools.gnu-tools-for-stm32.12.3.rel1.win32_1.1.0.202410251130/tools/bin/../lib/gcc/arm-none-eabi/12.3.1/../../../../arm-none-eabi/lib/thumb/v7-m/nofp\libc_nano.a(libc_a-lock.o)
                0x200015b1                __lock___sfp_recursive_mutex
 *fill*         0x200015b2        0x2 
 .bss.__malloc_sbrk_start
                0x200015b4        0x4 C:/Program Files/STM32CubeIDE_1.17.0/STM32CubeIDE/plugins/com.st.stm32cube.ide.mcu.externaltools.gnu-tools-for-stm32.12.3.rel1.win32_1.1.0.202410251130/tools/bin/../lib/gcc/arm-none-eabi/12.3.1/../../../../arm-none-eabi/lib/thumb/v7-m/nofp\libc_nano.a(libc_a-mallocr.o)
                0x200015b4                __malloc_sbrk_start
 .bss.__malloc_free_list
                0x200015b8        0x4 C:/Program Files/STM32CubeIDE_1.17.0/STM32CubeIDE/plugins/com.st.stm32cube.ide.mcu.externaltools.gnu-tools-for-stm32.12.3.rel1.win32_1.1.0.202410251130/tools/bin/../lib/gcc/arm-none-eabi/12.3.1/../../../../arm-none-eabi/lib/thumb/v7-m/nofp\libc_nano.a(libc_a-mallocr.o)
                0x200015b8                __malloc_free_list
 *(COMMON)
                0x200015bc                        . = ALIGN (0x4)
                0x200015bc                        _ebss = .
                0x200015bc                        __bss_end__ = _ebss

._user_heap_stack
                0x200015bc      0x604 load address 0x0800570c
                0x200015c0                        . = ALIGN (0x8)
 *fill*         0x200015bc        0x4 
                [!provide]                        PROVIDE (end = .)
                0x200015c0                        PROVIDE (_end = .)
                0x200017c0                        . = (. + _Min_Heap_Size)
 *fill*         0x200015c0      0x200 
                0x20001bc0                        . = (. + _Min_Stack_Size)
 *fill*         0x200017c0      0x400 
                0x20001bc0                        . = ALIGN (0x8)

/DISCARD/
 libc.a(*)
 libm.a(*)
 libgcc.a(*)

.ARM.attributes
                0x00000000       0x29
 *(.ARM.attributes)
 .ARM.attributes
                0x00000000       0x1d C:/Program Files/STM32CubeIDE_1.17.0/STM32CubeIDE/plugins/com.st.stm32cube.ide.mcu.externaltools.gnu-tools-for-stm32.12.3.rel1.win32_1.1.0.202410251130/tools/bin/../lib/gcc/arm-none-eabi/12.3.1/thumb/v7-m/nofp/crti.o
 .ARM.attributes
                0x0000001d       0x2d C:/Program Files/STM32CubeIDE_1.17.0/STM32CubeIDE/plugins/com.st.stm32cube.ide.mcu.externaltools.gnu-tools-for-stm32.12.3.rel1.win32_1.1.0.202410251130/tools/bin/../lib/gcc/arm-none-eabi/12.3.1/thumb/v7-m/nofp/crtbegin.o
 .ARM.attributes
                0x0000004a       0x2d ./Core/Src/main.o
 .ARM.attributes
                0x00000077       0x2d ./Core/Src/stm32f1xx_hal_msp.o
 .ARM.attributes
                0x000000a4       0x2d ./Core/Src/stm32f1xx_it.o
 .ARM.attributes
                0x000000d1       0x2d ./Core/Src/syscalls.o
 .ARM.attributes
                0x000000fe       0x2d ./Core/Src/sysmem.o
 .ARM.attributes
                0x0000012b       0x2d ./Core/Src/system_stm32f1xx.o
 .ARM.attributes
                0x00000158       0x21 ./Core/Startup/startup_stm32f103zetx.o
 .ARM.attributes
                0x00000179       0x2d ./Core/user/bootload.o
 .ARM.attributes
                0x000001a6       0x2d ./Core/user/flash.o
 .ARM.attributes
                0x000001d3       0x2d ./Core/user/usart_interface.o
 .ARM.attributes
                0x00000200       0x2d ./Core/user/w25q128.o
 .ARM.attributes
                0x0000022d       0x2d ./Core/user/w25q64.o
 .ARM.attributes
                0x0000025a       0x2d ./Drivers/STM32F1xx_HAL_Driver/Src/stm32f1xx_hal.o
 .ARM.attributes
                0x00000287       0x2d ./Drivers/STM32F1xx_HAL_Driver/Src/stm32f1xx_hal_cortex.o
 .ARM.attributes
                0x000002b4       0x2d ./Drivers/STM32F1xx_HAL_Driver/Src/stm32f1xx_hal_dma.o
 .ARM.attributes
                0x000002e1       0x2d ./Drivers/STM32F1xx_HAL_Driver/Src/stm32f1xx_hal_flash.o
 .ARM.attributes
                0x0000030e       0x2d ./Drivers/STM32F1xx_HAL_Driver/Src/stm32f1xx_hal_flash_ex.o
 .ARM.attributes
                0x0000033b       0x2d ./Drivers/STM32F1xx_HAL_Driver/Src/stm32f1xx_hal_gpio.o
 .ARM.attributes
                0x00000368       0x2d ./Drivers/STM32F1xx_HAL_Driver/Src/stm32f1xx_hal_iwdg.o
 .ARM.attributes
                0x00000395       0x2d ./Drivers/STM32F1xx_HAL_Driver/Src/stm32f1xx_hal_rcc.o
 .ARM.attributes
                0x000003c2       0x2d ./Drivers/STM32F1xx_HAL_Driver/Src/stm32f1xx_hal_spi.o
 .ARM.attributes
                0x000003ef       0x2d ./Drivers/STM32F1xx_HAL_Driver/Src/stm32f1xx_hal_uart.o
 .ARM.attributes
                0x0000041c       0x2d C:/Program Files/STM32CubeIDE_1.17.0/STM32CubeIDE/plugins/com.st.stm32cube.ide.mcu.externaltools.gnu-tools-for-stm32.12.3.rel1.win32_1.1.0.202410251130/tools/bin/../lib/gcc/arm-none-eabi/12.3.1/../../../../arm-none-eabi/lib/thumb/v7-m/nofp\libc_nano.a(libc_a-findfp.o)
 .ARM.attributes
                0x00000449       0x2d C:/Program Files/STM32CubeIDE_1.17.0/STM32CubeIDE/plugins/com.st.stm32cube.ide.mcu.externaltools.gnu-tools-for-stm32.12.3.rel1.win32_1.1.0.202410251130/tools/bin/../lib/gcc/arm-none-eabi/12.3.1/../../../../arm-none-eabi/lib/thumb/v7-m/nofp\libc_nano.a(libc_a-fwalk.o)
 .ARM.attributes
                0x00000476       0x2d C:/Program Files/STM32CubeIDE_1.17.0/STM32CubeIDE/plugins/com.st.stm32cube.ide.mcu.externaltools.gnu-tools-for-stm32.12.3.rel1.win32_1.1.0.202410251130/tools/bin/../lib/gcc/arm-none-eabi/12.3.1/../../../../arm-none-eabi/lib/thumb/v7-m/nofp\libc_nano.a(libc_a-printf.o)
 .ARM.attributes
                0x000004a3       0x2d C:/Program Files/STM32CubeIDE_1.17.0/STM32CubeIDE/plugins/com.st.stm32cube.ide.mcu.externaltools.gnu-tools-for-stm32.12.3.rel1.win32_1.1.0.202410251130/tools/bin/../lib/gcc/arm-none-eabi/12.3.1/../../../../arm-none-eabi/lib/thumb/v7-m/nofp\libc_nano.a(libc_a-stdio.o)
 .ARM.attributes
                0x000004d0       0x2d C:/Program Files/STM32CubeIDE_1.17.0/STM32CubeIDE/plugins/com.st.stm32cube.ide.mcu.externaltools.gnu-tools-for-stm32.12.3.rel1.win32_1.1.0.202410251130/tools/bin/../lib/gcc/arm-none-eabi/12.3.1/../../../../arm-none-eabi/lib/thumb/v7-m/nofp\libc_nano.a(libc_a-memset.o)
 .ARM.attributes
                0x000004fd       0x2d C:/Program Files/STM32CubeIDE_1.17.0/STM32CubeIDE/plugins/com.st.stm32cube.ide.mcu.externaltools.gnu-tools-for-stm32.12.3.rel1.win32_1.1.0.202410251130/tools/bin/../lib/gcc/arm-none-eabi/12.3.1/../../../../arm-none-eabi/lib/thumb/v7-m/nofp\libc_nano.a(libc_a-closer.o)
 .ARM.attributes
                0x0000052a       0x2d C:/Program Files/STM32CubeIDE_1.17.0/STM32CubeIDE/plugins/com.st.stm32cube.ide.mcu.externaltools.gnu-tools-for-stm32.12.3.rel1.win32_1.1.0.202410251130/tools/bin/../lib/gcc/arm-none-eabi/12.3.1/../../../../arm-none-eabi/lib/thumb/v7-m/nofp\libc_nano.a(libc_a-reent.o)
 .ARM.attributes
                0x00000557       0x2d C:/Program Files/STM32CubeIDE_1.17.0/STM32CubeIDE/plugins/com.st.stm32cube.ide.mcu.externaltools.gnu-tools-for-stm32.12.3.rel1.win32_1.1.0.202410251130/tools/bin/../lib/gcc/arm-none-eabi/12.3.1/../../../../arm-none-eabi/lib/thumb/v7-m/nofp\libc_nano.a(libc_a-impure.o)
 .ARM.attributes
                0x00000584       0x2d C:/Program Files/STM32CubeIDE_1.17.0/STM32CubeIDE/plugins/com.st.stm32cube.ide.mcu.externaltools.gnu-tools-for-stm32.12.3.rel1.win32_1.1.0.202410251130/tools/bin/../lib/gcc/arm-none-eabi/12.3.1/../../../../arm-none-eabi/lib/thumb/v7-m/nofp\libc_nano.a(libc_a-lseekr.o)
 .ARM.attributes
                0x000005b1       0x2d C:/Program Files/STM32CubeIDE_1.17.0/STM32CubeIDE/plugins/com.st.stm32cube.ide.mcu.externaltools.gnu-tools-for-stm32.12.3.rel1.win32_1.1.0.202410251130/tools/bin/../lib/gcc/arm-none-eabi/12.3.1/../../../../arm-none-eabi/lib/thumb/v7-m/nofp\libc_nano.a(libc_a-readr.o)
 .ARM.attributes
                0x000005de       0x2d C:/Program Files/STM32CubeIDE_1.17.0/STM32CubeIDE/plugins/com.st.stm32cube.ide.mcu.externaltools.gnu-tools-for-stm32.12.3.rel1.win32_1.1.0.202410251130/tools/bin/../lib/gcc/arm-none-eabi/12.3.1/../../../../arm-none-eabi/lib/thumb/v7-m/nofp\libc_nano.a(libc_a-writer.o)
 .ARM.attributes
                0x0000060b       0x2d C:/Program Files/STM32CubeIDE_1.17.0/STM32CubeIDE/plugins/com.st.stm32cube.ide.mcu.externaltools.gnu-tools-for-stm32.12.3.rel1.win32_1.1.0.202410251130/tools/bin/../lib/gcc/arm-none-eabi/12.3.1/../../../../arm-none-eabi/lib/thumb/v7-m/nofp\libc_nano.a(libc_a-errno.o)
 .ARM.attributes
                0x00000638       0x2d C:/Program Files/STM32CubeIDE_1.17.0/STM32CubeIDE/plugins/com.st.stm32cube.ide.mcu.externaltools.gnu-tools-for-stm32.12.3.rel1.win32_1.1.0.202410251130/tools/bin/../lib/gcc/arm-none-eabi/12.3.1/../../../../arm-none-eabi/lib/thumb/v7-m/nofp\libc_nano.a(libc_a-init.o)
 .ARM.attributes
                0x00000665       0x2d C:/Program Files/STM32CubeIDE_1.17.0/STM32CubeIDE/plugins/com.st.stm32cube.ide.mcu.externaltools.gnu-tools-for-stm32.12.3.rel1.win32_1.1.0.202410251130/tools/bin/../lib/gcc/arm-none-eabi/12.3.1/../../../../arm-none-eabi/lib/thumb/v7-m/nofp\libc_nano.a(libc_a-lock.o)
 .ARM.attributes
                0x00000692       0x2d C:/Program Files/STM32CubeIDE_1.17.0/STM32CubeIDE/plugins/com.st.stm32cube.ide.mcu.externaltools.gnu-tools-for-stm32.12.3.rel1.win32_1.1.0.202410251130/tools/bin/../lib/gcc/arm-none-eabi/12.3.1/../../../../arm-none-eabi/lib/thumb/v7-m/nofp\libc_nano.a(libc_a-memcpy-stub.o)
 .ARM.attributes
                0x000006bf       0x2d C:/Program Files/STM32CubeIDE_1.17.0/STM32CubeIDE/plugins/com.st.stm32cube.ide.mcu.externaltools.gnu-tools-for-stm32.12.3.rel1.win32_1.1.0.202410251130/tools/bin/../lib/gcc/arm-none-eabi/12.3.1/../../../../arm-none-eabi/lib/thumb/v7-m/nofp\libc_nano.a(libc_a-freer.o)
 .ARM.attributes
                0x000006ec       0x2d C:/Program Files/STM32CubeIDE_1.17.0/STM32CubeIDE/plugins/com.st.stm32cube.ide.mcu.externaltools.gnu-tools-for-stm32.12.3.rel1.win32_1.1.0.202410251130/tools/bin/../lib/gcc/arm-none-eabi/12.3.1/../../../../arm-none-eabi/lib/thumb/v7-m/nofp\libc_nano.a(libc_a-mallocr.o)
 .ARM.attributes
                0x00000719       0x2d C:/Program Files/STM32CubeIDE_1.17.0/STM32CubeIDE/plugins/com.st.stm32cube.ide.mcu.externaltools.gnu-tools-for-stm32.12.3.rel1.win32_1.1.0.202410251130/tools/bin/../lib/gcc/arm-none-eabi/12.3.1/../../../../arm-none-eabi/lib/thumb/v7-m/nofp\libc_nano.a(libc_a-mlock.o)
 .ARM.attributes
                0x00000746       0x2d C:/Program Files/STM32CubeIDE_1.17.0/STM32CubeIDE/plugins/com.st.stm32cube.ide.mcu.externaltools.gnu-tools-for-stm32.12.3.rel1.win32_1.1.0.202410251130/tools/bin/../lib/gcc/arm-none-eabi/12.3.1/../../../../arm-none-eabi/lib/thumb/v7-m/nofp\libc_nano.a(libc_a-nano-vfprintf.o)
 .ARM.attributes
                0x00000773       0x2d C:/Program Files/STM32CubeIDE_1.17.0/STM32CubeIDE/plugins/com.st.stm32cube.ide.mcu.externaltools.gnu-tools-for-stm32.12.3.rel1.win32_1.1.0.202410251130/tools/bin/../lib/gcc/arm-none-eabi/12.3.1/../../../../arm-none-eabi/lib/thumb/v7-m/nofp\libc_nano.a(libc_a-nano-vfprintf_i.o)
 .ARM.attributes
                0x000007a0       0x2d C:/Program Files/STM32CubeIDE_1.17.0/STM32CubeIDE/plugins/com.st.stm32cube.ide.mcu.externaltools.gnu-tools-for-stm32.12.3.rel1.win32_1.1.0.202410251130/tools/bin/../lib/gcc/arm-none-eabi/12.3.1/../../../../arm-none-eabi/lib/thumb/v7-m/nofp\libc_nano.a(libc_a-fflush.o)
 .ARM.attributes
                0x000007cd       0x2d C:/Program Files/STM32CubeIDE_1.17.0/STM32CubeIDE/plugins/com.st.stm32cube.ide.mcu.externaltools.gnu-tools-for-stm32.12.3.rel1.win32_1.1.0.202410251130/tools/bin/../lib/gcc/arm-none-eabi/12.3.1/../../../../arm-none-eabi/lib/thumb/v7-m/nofp\libc_nano.a(libc_a-wbuf.o)
 .ARM.attributes
                0x000007fa       0x2d C:/Program Files/STM32CubeIDE_1.17.0/STM32CubeIDE/plugins/com.st.stm32cube.ide.mcu.externaltools.gnu-tools-for-stm32.12.3.rel1.win32_1.1.0.202410251130/tools/bin/../lib/gcc/arm-none-eabi/12.3.1/../../../../arm-none-eabi/lib/thumb/v7-m/nofp\libc_nano.a(libc_a-wsetup.o)
 .ARM.attributes
                0x00000827       0x2d C:/Program Files/STM32CubeIDE_1.17.0/STM32CubeIDE/plugins/com.st.stm32cube.ide.mcu.externaltools.gnu-tools-for-stm32.12.3.rel1.win32_1.1.0.202410251130/tools/bin/../lib/gcc/arm-none-eabi/12.3.1/../../../../arm-none-eabi/lib/thumb/v7-m/nofp\libc_nano.a(libc_a-sbrkr.o)
 .ARM.attributes
                0x00000854       0x2d C:/Program Files/STM32CubeIDE_1.17.0/STM32CubeIDE/plugins/com.st.stm32cube.ide.mcu.externaltools.gnu-tools-for-stm32.12.3.rel1.win32_1.1.0.202410251130/tools/bin/../lib/gcc/arm-none-eabi/12.3.1/../../../../arm-none-eabi/lib/thumb/v7-m/nofp\libc_nano.a(libc_a-memchr-stub.o)
 .ARM.attributes
                0x00000881       0x2d C:/Program Files/STM32CubeIDE_1.17.0/STM32CubeIDE/plugins/com.st.stm32cube.ide.mcu.externaltools.gnu-tools-for-stm32.12.3.rel1.win32_1.1.0.202410251130/tools/bin/../lib/gcc/arm-none-eabi/12.3.1/../../../../arm-none-eabi/lib/thumb/v7-m/nofp\libc_nano.a(libc_a-makebuf.o)
 .ARM.attributes
                0x000008ae       0x2d C:/Program Files/STM32CubeIDE_1.17.0/STM32CubeIDE/plugins/com.st.stm32cube.ide.mcu.externaltools.gnu-tools-for-stm32.12.3.rel1.win32_1.1.0.202410251130/tools/bin/../lib/gcc/arm-none-eabi/12.3.1/../../../../arm-none-eabi/lib/thumb/v7-m/nofp\libc_nano.a(libc_a-fstatr.o)
 .ARM.attributes
                0x000008db       0x2d C:/Program Files/STM32CubeIDE_1.17.0/STM32CubeIDE/plugins/com.st.stm32cube.ide.mcu.externaltools.gnu-tools-for-stm32.12.3.rel1.win32_1.1.0.202410251130/tools/bin/../lib/gcc/arm-none-eabi/12.3.1/../../../../arm-none-eabi/lib/thumb/v7-m/nofp\libc_nano.a(libc_a-isattyr.o)
 .ARM.attributes
                0x00000908       0x1d C:/Program Files/STM32CubeIDE_1.17.0/STM32CubeIDE/plugins/com.st.stm32cube.ide.mcu.externaltools.gnu-tools-for-stm32.12.3.rel1.win32_1.1.0.202410251130/tools/bin/../lib/gcc/arm-none-eabi/12.3.1/thumb/v7-m/nofp/crtn.o
OUTPUT(bootloader.elf elf32-littlearm)
LOAD linker stubs
LOAD C:/Program Files/STM32CubeIDE_1.17.0/STM32CubeIDE/plugins/com.st.stm32cube.ide.mcu.externaltools.gnu-tools-for-stm32.12.3.rel1.win32_1.1.0.202410251130/tools/bin/../lib/gcc/arm-none-eabi/12.3.1/../../../../arm-none-eabi/lib/thumb/v7-m/nofp\libc.a
LOAD C:/Program Files/STM32CubeIDE_1.17.0/STM32CubeIDE/plugins/com.st.stm32cube.ide.mcu.externaltools.gnu-tools-for-stm32.12.3.rel1.win32_1.1.0.202410251130/tools/bin/../lib/gcc/arm-none-eabi/12.3.1/../../../../arm-none-eabi/lib/thumb/v7-m/nofp\libm.a
LOAD C:/Program Files/STM32CubeIDE_1.17.0/STM32CubeIDE/plugins/com.st.stm32cube.ide.mcu.externaltools.gnu-tools-for-stm32.12.3.rel1.win32_1.1.0.202410251130/tools/bin/../lib/gcc/arm-none-eabi/12.3.1/thumb/v7-m/nofp\libgcc.a

.debug_info     0x00000000     0xc6b6
 .debug_info    0x00000000     0x108d ./Core/Src/main.o
 .debug_info    0x0000108d      0xd63 ./Core/Src/stm32f1xx_hal_msp.o
 .debug_info    0x00001df0      0x64a ./Core/Src/stm32f1xx_it.o
 .debug_info    0x0000243a      0x6a3 ./Core/Src/syscalls.o
 .debug_info    0x00002add      0x168 ./Core/Src/sysmem.o
 .debug_info    0x00002c45      0x222 ./Core/Src/system_stm32f1xx.o
 .debug_info    0x00002e67       0x30 ./Core/Startup/startup_stm32f103zetx.o
 .debug_info    0x00002e97      0x319 ./Core/user/bootload.o
 .debug_info    0x000031b0      0x318 ./Core/user/flash.o
 .debug_info    0x000034c8      0x784 ./Core/user/usart_interface.o
 .debug_info    0x00003c4c      0x9d0 ./Core/user/w25q128.o
 .debug_info    0x0000461c      0x883 ./Core/user/w25q64.o
 .debug_info    0x00004e9f      0x76a ./Drivers/STM32F1xx_HAL_Driver/Src/stm32f1xx_hal.o
 .debug_info    0x00005609      0xaed ./Drivers/STM32F1xx_HAL_Driver/Src/stm32f1xx_hal_cortex.o
 .debug_info    0x000060f6      0x6d2 ./Drivers/STM32F1xx_HAL_Driver/Src/stm32f1xx_hal_dma.o
 .debug_info    0x000067c8      0x4f8 ./Drivers/STM32F1xx_HAL_Driver/Src/stm32f1xx_hal_flash.o
 .debug_info    0x00006cc0      0x777 ./Drivers/STM32F1xx_HAL_Driver/Src/stm32f1xx_hal_flash_ex.o
 .debug_info    0x00007437      0x5ab ./Drivers/STM32F1xx_HAL_Driver/Src/stm32f1xx_hal_gpio.o
 .debug_info    0x000079e2      0x1d9 ./Drivers/STM32F1xx_HAL_Driver/Src/stm32f1xx_hal_iwdg.o
 .debug_info    0x00007bbb      0x7d5 ./Drivers/STM32F1xx_HAL_Driver/Src/stm32f1xx_hal_rcc.o
 .debug_info    0x00008390     0x1439 ./Drivers/STM32F1xx_HAL_Driver/Src/stm32f1xx_hal_spi.o
 .debug_info    0x000097c9     0x2eed ./Drivers/STM32F1xx_HAL_Driver/Src/stm32f1xx_hal_uart.o

.debug_abbrev   0x00000000     0x2a1a
 .debug_abbrev  0x00000000      0x2e4 ./Core/Src/main.o
 .debug_abbrev  0x000002e4      0x20c ./Core/Src/stm32f1xx_hal_msp.o
 .debug_abbrev  0x000004f0      0x18d ./Core/Src/stm32f1xx_it.o
 .debug_abbrev  0x0000067d      0x1b6 ./Core/Src/syscalls.o
 .debug_abbrev  0x00000833       0xbc ./Core/Src/sysmem.o
 .debug_abbrev  0x000008ef      0x13f ./Core/Src/system_stm32f1xx.o
 .debug_abbrev  0x00000a2e       0x24 ./Core/Startup/startup_stm32f103zetx.o
 .debug_abbrev  0x00000a52      0x195 ./Core/user/bootload.o
 .debug_abbrev  0x00000be7      0x14c ./Core/user/flash.o
 .debug_abbrev  0x00000d33      0x1fa ./Core/user/usart_interface.o
 .debug_abbrev  0x00000f2d      0x234 ./Core/user/w25q128.o
 .debug_abbrev  0x00001161      0x203 ./Core/user/w25q64.o
 .debug_abbrev  0x00001364      0x201 ./Drivers/STM32F1xx_HAL_Driver/Src/stm32f1xx_hal.o
 .debug_abbrev  0x00001565      0x2f8 ./Drivers/STM32F1xx_HAL_Driver/Src/stm32f1xx_hal_cortex.o
 .debug_abbrev  0x0000185d      0x20b ./Drivers/STM32F1xx_HAL_Driver/Src/stm32f1xx_hal_dma.o
 .debug_abbrev  0x00001a68      0x250 ./Drivers/STM32F1xx_HAL_Driver/Src/stm32f1xx_hal_flash.o
 .debug_abbrev  0x00001cb8      0x247 ./Drivers/STM32F1xx_HAL_Driver/Src/stm32f1xx_hal_flash_ex.o
 .debug_abbrev  0x00001eff      0x1ca ./Drivers/STM32F1xx_HAL_Driver/Src/stm32f1xx_hal_gpio.o
 .debug_abbrev  0x000020c9      0x12c ./Drivers/STM32F1xx_HAL_Driver/Src/stm32f1xx_hal_iwdg.o
 .debug_abbrev  0x000021f5      0x2b3 ./Drivers/STM32F1xx_HAL_Driver/Src/stm32f1xx_hal_rcc.o
 .debug_abbrev  0x000024a8      0x27a ./Drivers/STM32F1xx_HAL_Driver/Src/stm32f1xx_hal_spi.o
 .debug_abbrev  0x00002722      0x2f8 ./Drivers/STM32F1xx_HAL_Driver/Src/stm32f1xx_hal_uart.o

.debug_aranges  0x00000000      0xc10
 .debug_aranges
                0x00000000       0x58 ./Core/Src/main.o
 .debug_aranges
                0x00000058       0x40 ./Core/Src/stm32f1xx_hal_msp.o
 .debug_aranges
                0x00000098       0x78 ./Core/Src/stm32f1xx_it.o
 .debug_aranges
                0x00000110       0xa8 ./Core/Src/syscalls.o
 .debug_aranges
                0x000001b8       0x20 ./Core/Src/sysmem.o
 .debug_aranges
                0x000001d8       0x28 ./Core/Src/system_stm32f1xx.o
 .debug_aranges
                0x00000200       0x28 ./Core/Startup/startup_stm32f103zetx.o
 .debug_aranges
                0x00000228       0x40 ./Core/user/bootload.o
 .debug_aranges
                0x00000268       0x38 ./Core/user/flash.o
 .debug_aranges
                0x000002a0       0x38 ./Core/user/usart_interface.o
 .debug_aranges
                0x000002d8       0x68 ./Core/user/w25q128.o
 .debug_aranges
                0x00000340       0x68 ./Core/user/w25q64.o
 .debug_aranges
                0x000003a8       0xe0 ./Drivers/STM32F1xx_HAL_Driver/Src/stm32f1xx_hal.o
 .debug_aranges
                0x00000488      0x100 ./Drivers/STM32F1xx_HAL_Driver/Src/stm32f1xx_hal_cortex.o
 .debug_aranges
                0x00000588       0x80 ./Drivers/STM32F1xx_HAL_Driver/Src/stm32f1xx_hal_dma.o
 .debug_aranges
                0x00000608       0x88 ./Drivers/STM32F1xx_HAL_Driver/Src/stm32f1xx_hal_flash.o
 .debug_aranges
                0x00000690       0x98 ./Drivers/STM32F1xx_HAL_Driver/Src/stm32f1xx_hal_flash_ex.o
 .debug_aranges
                0x00000728       0x58 ./Drivers/STM32F1xx_HAL_Driver/Src/stm32f1xx_hal_gpio.o
 .debug_aranges
                0x00000780       0x28 ./Drivers/STM32F1xx_HAL_Driver/Src/stm32f1xx_hal_iwdg.o
 .debug_aranges
                0x000007a8       0x90 ./Drivers/STM32F1xx_HAL_Driver/Src/stm32f1xx_hal_rcc.o
 .debug_aranges
                0x00000838      0x1d0 ./Drivers/STM32F1xx_HAL_Driver/Src/stm32f1xx_hal_spi.o
 .debug_aranges
                0x00000a08      0x208 ./Drivers/STM32F1xx_HAL_Driver/Src/stm32f1xx_hal_uart.o

.debug_rnglists
                0x00000000      0x919
 .debug_rnglists
                0x00000000       0x40 ./Core/Src/main.o
 .debug_rnglists
                0x00000040       0x2d ./Core/Src/stm32f1xx_hal_msp.o
 .debug_rnglists
                0x0000006d       0x55 ./Core/Src/stm32f1xx_it.o
 .debug_rnglists
                0x000000c2       0x79 ./Core/Src/syscalls.o
 .debug_rnglists
                0x0000013b       0x13 ./Core/Src/sysmem.o
 .debug_rnglists
                0x0000014e       0x1a ./Core/Src/system_stm32f1xx.o
 .debug_rnglists
                0x00000168       0x19 ./Core/Startup/startup_stm32f103zetx.o
 .debug_rnglists
                0x00000181       0x2d ./Core/user/bootload.o
 .debug_rnglists
                0x000001ae       0x26 ./Core/user/flash.o
 .debug_rnglists
                0x000001d4       0x27 ./Core/user/usart_interface.o
 .debug_rnglists
                0x000001fb       0x4a ./Core/user/w25q128.o
 .debug_rnglists
                0x00000245       0x4a ./Core/user/w25q64.o
 .debug_rnglists
                0x0000028f       0xa3 ./Drivers/STM32F1xx_HAL_Driver/Src/stm32f1xx_hal.o
 .debug_rnglists
                0x00000332       0xbb ./Drivers/STM32F1xx_HAL_Driver/Src/stm32f1xx_hal_cortex.o
 .debug_rnglists
                0x000003ed       0x64 ./Drivers/STM32F1xx_HAL_Driver/Src/stm32f1xx_hal_dma.o
 .debug_rnglists
                0x00000451       0x66 ./Drivers/STM32F1xx_HAL_Driver/Src/stm32f1xx_hal_flash.o
 .debug_rnglists
                0x000004b7       0x73 ./Drivers/STM32F1xx_HAL_Driver/Src/stm32f1xx_hal_flash_ex.o
 .debug_rnglists
                0x0000052a       0x3f ./Drivers/STM32F1xx_HAL_Driver/Src/stm32f1xx_hal_gpio.o
 .debug_rnglists
                0x00000569       0x1a ./Drivers/STM32F1xx_HAL_Driver/Src/stm32f1xx_hal_iwdg.o
 .debug_rnglists
                0x00000583       0x6c ./Drivers/STM32F1xx_HAL_Driver/Src/stm32f1xx_hal_rcc.o
 .debug_rnglists
                0x000005ef      0x16e ./Drivers/STM32F1xx_HAL_Driver/Src/stm32f1xx_hal_spi.o
 .debug_rnglists
                0x0000075d      0x1bc ./Drivers/STM32F1xx_HAL_Driver/Src/stm32f1xx_hal_uart.o

.debug_macro    0x00000000    0x1bbbe
 .debug_macro   0x00000000      0x30b ./Core/Src/main.o
 .debug_macro   0x0000030b      0xaa8 ./Core/Src/main.o
 .debug_macro   0x00000db3      0x227 ./Core/Src/main.o
 .debug_macro   0x00000fda       0x2e ./Core/Src/main.o
 .debug_macro   0x00001008       0x22 ./Core/Src/main.o
 .debug_macro   0x0000102a       0x22 ./Core/Src/main.o
 .debug_macro   0x0000104c       0x8e ./Core/Src/main.o
 .debug_macro   0x000010da       0x51 ./Core/Src/main.o
 .debug_macro   0x0000112b      0x103 ./Core/Src/main.o
 .debug_macro   0x0000122e       0x6a ./Core/Src/main.o
 .debug_macro   0x00001298      0x1df ./Core/Src/main.o
 .debug_macro   0x00001477       0x1c ./Core/Src/main.o
 .debug_macro   0x00001493       0x22 ./Core/Src/main.o
 .debug_macro   0x000014b5       0xbd ./Core/Src/main.o
 .debug_macro   0x00001572      0xd23 ./Core/Src/main.o
 .debug_macro   0x00002295     0xfd8c ./Core/Src/main.o
 .debug_macro   0x00012021       0x6d ./Core/Src/main.o
 .debug_macro   0x0001208e     0x34a2 ./Core/Src/main.o
 .debug_macro   0x00015530      0x189 ./Core/Src/main.o
 .debug_macro   0x000156b9       0x5c ./Core/Src/main.o
 .debug_macro   0x00015715      0x5bc ./Core/Src/main.o
 .debug_macro   0x00015cd1      0x4d5 ./Core/Src/main.o
 .debug_macro   0x000161a6      0x1cb ./Core/Src/main.o
 .debug_macro   0x00016371      0x114 ./Core/Src/main.o
 .debug_macro   0x00016485      0x1ea ./Core/Src/main.o
 .debug_macro   0x0001666f       0x27 ./Core/Src/main.o
 .debug_macro   0x00016696      0x144 ./Core/Src/main.o
 .debug_macro   0x000167da      0x1bc ./Core/Src/main.o
 .debug_macro   0x00016996       0x30 ./Core/Src/main.o
 .debug_macro   0x000169c6       0x3c ./Core/Src/main.o
 .debug_macro   0x00016a02       0x57 ./Core/Src/main.o
 .debug_macro   0x00016a59       0x87 ./Core/Src/main.o
 .debug_macro   0x00016ae0      0x24f ./Core/Src/main.o
 .debug_macro   0x00016d2f       0x78 ./Core/Src/main.o
 .debug_macro   0x00016da7      0x140 ./Core/Src/main.o
 .debug_macro   0x00016ee7      0x217 ./Core/Src/main.o
 .debug_macro   0x000170fe      0x28e ./Core/Src/main.o
 .debug_macro   0x0001738c       0xb5 ./Core/Src/main.o
 .debug_macro   0x00017441       0x61 ./Core/Src/main.o
 .debug_macro   0x000174a2       0x24 ./Core/Src/main.o
 .debug_macro   0x000174c6       0x43 ./Core/Src/main.o
 .debug_macro   0x00017509       0x34 ./Core/Src/main.o
 .debug_macro   0x0001753d       0x16 ./Core/Src/main.o
 .debug_macro   0x00017553       0x43 ./Core/Src/main.o
 .debug_macro   0x00017596       0x34 ./Core/Src/main.o
 .debug_macro   0x000175ca       0x10 ./Core/Src/main.o
 .debug_macro   0x000175da       0x58 ./Core/Src/main.o
 .debug_macro   0x00017632       0x8e ./Core/Src/main.o
 .debug_macro   0x000176c0       0x1c ./Core/Src/main.o
 .debug_macro   0x000176dc      0x177 ./Core/Src/main.o
 .debug_macro   0x00017853      0x369 ./Core/Src/main.o
 .debug_macro   0x00017bbc       0x10 ./Core/Src/main.o
 .debug_macro   0x00017bcc       0x35 ./Core/Src/main.o
 .debug_macro   0x00017c01       0x20 ./Core/Src/main.o
 .debug_macro   0x00017c21       0x1c ./Core/Src/main.o
 .debug_macro   0x00017c3d       0x10 ./Core/Src/main.o
 .debug_macro   0x00017c4d       0x1c ./Core/Src/main.o
 .debug_macro   0x00017c69       0x16 ./Core/Src/main.o
 .debug_macro   0x00017c7f      0x146 ./Core/Src/main.o
 .debug_macro   0x00017dc5       0x10 ./Core/Src/main.o
 .debug_macro   0x00017dd5      0x460 ./Core/Src/main.o
 .debug_macro   0x00018235       0x22 ./Core/Src/main.o
 .debug_macro   0x00018257       0x10 ./Core/Src/main.o
 .debug_macro   0x00018267       0x2e ./Core/Src/main.o
 .debug_macro   0x00018295       0x40 ./Core/Src/main.o
 .debug_macro   0x000182d5       0x10 ./Core/Src/main.o
 .debug_macro   0x000182e5       0x40 ./Core/Src/main.o
 .debug_macro   0x00018325      0x30b ./Core/Src/stm32f1xx_hal_msp.o
 .debug_macro   0x00018630      0x315 ./Core/Src/stm32f1xx_it.o
 .debug_macro   0x00018945      0x274 ./Core/Src/syscalls.o
 .debug_macro   0x00018bb9       0x5b ./Core/Src/syscalls.o
 .debug_macro   0x00018c14       0x94 ./Core/Src/syscalls.o
 .debug_macro   0x00018ca8       0x57 ./Core/Src/syscalls.o
 .debug_macro   0x00018cff       0x10 ./Core/Src/syscalls.o
 .debug_macro   0x00018d0f       0x10 ./Core/Src/syscalls.o
 .debug_macro   0x00018d1f       0x10 ./Core/Src/syscalls.o
 .debug_macro   0x00018d2f       0x10 ./Core/Src/syscalls.o
 .debug_macro   0x00018d3f       0x1c ./Core/Src/syscalls.o
 .debug_macro   0x00018d5b       0x52 ./Core/Src/syscalls.o
 .debug_macro   0x00018dad       0x22 ./Core/Src/syscalls.o
 .debug_macro   0x00018dcf       0x10 ./Core/Src/syscalls.o
 .debug_macro   0x00018ddf       0x52 ./Core/Src/syscalls.o
 .debug_macro   0x00018e31       0xcf ./Core/Src/syscalls.o
 .debug_macro   0x00018f00       0x1c ./Core/Src/syscalls.o
 .debug_macro   0x00018f1c       0x3d ./Core/Src/syscalls.o
 .debug_macro   0x00018f59       0x35 ./Core/Src/syscalls.o
 .debug_macro   0x00018f8e      0x12c ./Core/Src/syscalls.o
 .debug_macro   0x000190ba       0x16 ./Core/Src/syscalls.o
 .debug_macro   0x000190d0       0x16 ./Core/Src/syscalls.o
 .debug_macro   0x000190e6       0x29 ./Core/Src/syscalls.o
 .debug_macro   0x0001910f       0x10 ./Core/Src/syscalls.o
 .debug_macro   0x0001911f      0x242 ./Core/Src/syscalls.o
 .debug_macro   0x00019361       0x10 ./Core/Src/syscalls.o
 .debug_macro   0x00019371      0x18a ./Core/Src/syscalls.o
 .debug_macro   0x000194fb       0x16 ./Core/Src/syscalls.o
 .debug_macro   0x00019511       0xce ./Core/Src/syscalls.o
 .debug_macro   0x000195df       0xff ./Core/Src/sysmem.o
 .debug_macro   0x000196de      0x23c ./Core/Src/sysmem.o
 .debug_macro   0x0001991a      0x1a2 ./Core/Src/system_stm32f1xx.o
 .debug_macro   0x00019abc      0x30f ./Core/user/bootload.o
 .debug_macro   0x00019dcb      0x315 ./Core/user/flash.o
 .debug_macro   0x0001a0e0       0x28 ./Core/user/flash.o
 .debug_macro   0x0001a108      0x321 ./Core/user/usart_interface.o
 .debug_macro   0x0001a429      0x323 ./Core/user/w25q128.o
 .debug_macro   0x0001a74c       0x3a ./Core/user/w25q128.o
 .debug_macro   0x0001a786      0x31c ./Core/user/w25q64.o
 .debug_macro   0x0001aaa2      0x1c6 ./Drivers/STM32F1xx_HAL_Driver/Src/stm32f1xx_hal.o
 .debug_macro   0x0001ac68      0x1a2 ./Drivers/STM32F1xx_HAL_Driver/Src/stm32f1xx_hal_cortex.o
 .debug_macro   0x0001ae0a      0x1a2 ./Drivers/STM32F1xx_HAL_Driver/Src/stm32f1xx_hal_dma.o
 .debug_macro   0x0001afac      0x1a2 ./Drivers/STM32F1xx_HAL_Driver/Src/stm32f1xx_hal_flash.o
 .debug_macro   0x0001b14e      0x1b4 ./Drivers/STM32F1xx_HAL_Driver/Src/stm32f1xx_hal_flash_ex.o
 .debug_macro   0x0001b302      0x20d ./Drivers/STM32F1xx_HAL_Driver/Src/stm32f1xx_hal_gpio.o
 .debug_macro   0x0001b50f      0x1ae ./Drivers/STM32F1xx_HAL_Driver/Src/stm32f1xx_hal_iwdg.o
 .debug_macro   0x0001b6bd      0x1b4 ./Drivers/STM32F1xx_HAL_Driver/Src/stm32f1xx_hal_rcc.o
 .debug_macro   0x0001b871      0x1aa ./Drivers/STM32F1xx_HAL_Driver/Src/stm32f1xx_hal_spi.o
 .debug_macro   0x0001ba1b      0x1a3 ./Drivers/STM32F1xx_HAL_Driver/Src/stm32f1xx_hal_uart.o

.debug_line     0x00000000    0x1145f
 .debug_line    0x00000000      0xb98 ./Core/Src/main.o
 .debug_line    0x00000b98      0xad0 ./Core/Src/stm32f1xx_hal_msp.o
 .debug_line    0x00001668      0xaeb ./Core/Src/stm32f1xx_it.o
 .debug_line    0x00002153      0x99b ./Core/Src/syscalls.o
 .debug_line    0x00002aee      0x66c ./Core/Src/sysmem.o
 .debug_line    0x0000315a      0x775 ./Core/Src/system_stm32f1xx.o
 .debug_line    0x000038cf       0x79 ./Core/Startup/startup_stm32f103zetx.o
 .debug_line    0x00003948      0xb6c ./Core/user/bootload.o
 .debug_line    0x000044b4      0xb2a ./Core/user/flash.o
 .debug_line    0x00004fde      0xa85 ./Core/user/usart_interface.o
 .debug_line    0x00005a63      0xbe0 ./Core/user/w25q128.o
 .debug_line    0x00006643      0xb93 ./Core/user/w25q64.o
 .debug_line    0x000071d6      0x9a2 ./Drivers/STM32F1xx_HAL_Driver/Src/stm32f1xx_hal.o
 .debug_line    0x00007b78      0xb8e ./Drivers/STM32F1xx_HAL_Driver/Src/stm32f1xx_hal_cortex.o
 .debug_line    0x00008706     0x12cd ./Drivers/STM32F1xx_HAL_Driver/Src/stm32f1xx_hal_dma.o
 .debug_line    0x000099d3      0xa6d ./Drivers/STM32F1xx_HAL_Driver/Src/stm32f1xx_hal_flash.o
 .debug_line    0x0000a440      0xb5d ./Drivers/STM32F1xx_HAL_Driver/Src/stm32f1xx_hal_flash_ex.o
 .debug_line    0x0000af9d      0xa63 ./Drivers/STM32F1xx_HAL_Driver/Src/stm32f1xx_hal_gpio.o
 .debug_line    0x0000ba00      0x76d ./Drivers/STM32F1xx_HAL_Driver/Src/stm32f1xx_hal_iwdg.o
 .debug_line    0x0000c16d      0xdab ./Drivers/STM32F1xx_HAL_Driver/Src/stm32f1xx_hal_rcc.o
 .debug_line    0x0000cf18     0x1cc6 ./Drivers/STM32F1xx_HAL_Driver/Src/stm32f1xx_hal_spi.o
 .debug_line    0x0000ebde     0x2881 ./Drivers/STM32F1xx_HAL_Driver/Src/stm32f1xx_hal_uart.o

.debug_str      0x00000000    0x96013
 .debug_str     0x00000000    0x9192e ./Core/Src/main.o
                              0x91e98 (size before relaxing)
 .debug_str     0x0009192e       0xeb ./Core/Src/stm32f1xx_hal_msp.o
                              0x91c7c (size before relaxing)
 .debug_str     0x00091a19      0x14c ./Core/Src/stm32f1xx_it.o
                              0x91692 (size before relaxing)
 .debug_str     0x00091b65     0x2090 ./Core/Src/syscalls.o
                               0x9850 (size before relaxing)
 .debug_str     0x00093bf5       0x6b ./Core/Src/sysmem.o
                               0x6068 (size before relaxing)
 .debug_str     0x00093c60       0x7e ./Core/Src/system_stm32f1xx.o
                              0x8c608 (size before relaxing)
 .debug_str     0x00093cde       0x44 ./Core/Startup/startup_stm32f103zetx.o
                                 0x73 (size before relaxing)
 .debug_str     0x00093d22       0xd5 ./Core/user/bootload.o
                              0x91242 (size before relaxing)
 .debug_str     0x00093df7      0x12e ./Core/user/flash.o
                              0x912bc (size before relaxing)
 .debug_str     0x00093f25       0x9e ./Core/user/usart_interface.o
                              0x9169d (size before relaxing)
 .debug_str     0x00093fc3      0x158 ./Core/user/w25q128.o
                              0x91786 (size before relaxing)
 .debug_str     0x0009411b      0x102 ./Core/user/w25q64.o
                              0x916d4 (size before relaxing)
 .debug_str     0x0009421d      0x375 ./Drivers/STM32F1xx_HAL_Driver/Src/stm32f1xx_hal.o
                              0x8ce1f (size before relaxing)
 .debug_str     0x00094592      0x294 ./Drivers/STM32F1xx_HAL_Driver/Src/stm32f1xx_hal_cortex.o
                              0x8cd6b (size before relaxing)
 .debug_str     0x00094826      0x206 ./Drivers/STM32F1xx_HAL_Driver/Src/stm32f1xx_hal_dma.o
                              0x8c9b1 (size before relaxing)
 .debug_str     0x00094a2c      0x259 ./Drivers/STM32F1xx_HAL_Driver/Src/stm32f1xx_hal_flash.o
                              0x8c8e3 (size before relaxing)
 .debug_str     0x00094c85      0x30c ./Drivers/STM32F1xx_HAL_Driver/Src/stm32f1xx_hal_flash_ex.o
                              0x8ca91 (size before relaxing)
 .debug_str     0x00094f91      0x2ce ./Drivers/STM32F1xx_HAL_Driver/Src/stm32f1xx_hal_gpio.o
                              0x8c98e (size before relaxing)
 .debug_str     0x0009525f       0xdd ./Drivers/STM32F1xx_HAL_Driver/Src/stm32f1xx_hal_iwdg.o
                              0x8c6d3 (size before relaxing)
 .debug_str     0x0009533c      0x229 ./Drivers/STM32F1xx_HAL_Driver/Src/stm32f1xx_hal_rcc.o
                              0x8ca37 (size before relaxing)
 .debug_str     0x00095565      0x518 ./Drivers/STM32F1xx_HAL_Driver/Src/stm32f1xx_hal_spi.o
                              0x8cf34 (size before relaxing)
 .debug_str     0x00095a7d      0x596 ./Drivers/STM32F1xx_HAL_Driver/Src/stm32f1xx_hal_uart.o
                              0x8d0a8 (size before relaxing)

.comment        0x00000000       0x43
 .comment       0x00000000       0x43 ./Core/Src/main.o
                                 0x44 (size before relaxing)
 .comment       0x00000043       0x44 ./Core/Src/stm32f1xx_hal_msp.o
 .comment       0x00000043       0x44 ./Core/Src/stm32f1xx_it.o
 .comment       0x00000043       0x44 ./Core/Src/syscalls.o
 .comment       0x00000043       0x44 ./Core/Src/sysmem.o
 .comment       0x00000043       0x44 ./Core/Src/system_stm32f1xx.o
 .comment       0x00000043       0x44 ./Core/user/bootload.o
 .comment       0x00000043       0x44 ./Core/user/flash.o
 .comment       0x00000043       0x44 ./Core/user/usart_interface.o
 .comment       0x00000043       0x44 ./Core/user/w25q128.o
 .comment       0x00000043       0x44 ./Core/user/w25q64.o
 .comment       0x00000043       0x44 ./Drivers/STM32F1xx_HAL_Driver/Src/stm32f1xx_hal.o
 .comment       0x00000043       0x44 ./Drivers/STM32F1xx_HAL_Driver/Src/stm32f1xx_hal_cortex.o
 .comment       0x00000043       0x44 ./Drivers/STM32F1xx_HAL_Driver/Src/stm32f1xx_hal_dma.o
 .comment       0x00000043       0x44 ./Drivers/STM32F1xx_HAL_Driver/Src/stm32f1xx_hal_flash.o
 .comment       0x00000043       0x44 ./Drivers/STM32F1xx_HAL_Driver/Src/stm32f1xx_hal_flash_ex.o
 .comment       0x00000043       0x44 ./Drivers/STM32F1xx_HAL_Driver/Src/stm32f1xx_hal_gpio.o
 .comment       0x00000043       0x44 ./Drivers/STM32F1xx_HAL_Driver/Src/stm32f1xx_hal_iwdg.o
 .comment       0x00000043       0x44 ./Drivers/STM32F1xx_HAL_Driver/Src/stm32f1xx_hal_rcc.o
 .comment       0x00000043       0x44 ./Drivers/STM32F1xx_HAL_Driver/Src/stm32f1xx_hal_spi.o
 .comment       0x00000043       0x44 ./Drivers/STM32F1xx_HAL_Driver/Src/stm32f1xx_hal_uart.o

.debug_frame    0x00000000     0x3670
 .debug_frame   0x00000000      0x108 ./Core/Src/main.o
 .debug_frame   0x00000108       0xc8 ./Core/Src/stm32f1xx_hal_msp.o
 .debug_frame   0x000001d0      0x158 ./Core/Src/stm32f1xx_it.o
 .debug_frame   0x00000328      0x2ac ./Core/Src/syscalls.o
 .debug_frame   0x000005d4       0x34 ./Core/Src/sysmem.o
 .debug_frame   0x00000608       0x58 ./Core/Src/system_stm32f1xx.o
 .debug_frame   0x00000660       0xd0 ./Core/user/bootload.o
 .debug_frame   0x00000730       0xac ./Core/user/flash.o
 .debug_frame   0x000007dc       0xa0 ./Core/user/usart_interface.o
 .debug_frame   0x0000087c      0x174 ./Core/user/w25q128.o
 .debug_frame   0x000009f0      0x168 ./Core/user/w25q64.o
 .debug_frame   0x00000b58      0x334 ./Drivers/STM32F1xx_HAL_Driver/Src/stm32f1xx_hal.o
 .debug_frame   0x00000e8c      0x428 ./Drivers/STM32F1xx_HAL_Driver/Src/stm32f1xx_hal_cortex.o
 .debug_frame   0x000012b4      0x20c ./Drivers/STM32F1xx_HAL_Driver/Src/stm32f1xx_hal_dma.o
 .debug_frame   0x000014c0      0x20c ./Drivers/STM32F1xx_HAL_Driver/Src/stm32f1xx_hal_flash.o
 .debug_frame   0x000016cc      0x258 ./Drivers/STM32F1xx_HAL_Driver/Src/stm32f1xx_hal_flash_ex.o
 .debug_frame   0x00001924      0x14c ./Drivers/STM32F1xx_HAL_Driver/Src/stm32f1xx_hal_gpio.o
 .debug_frame   0x00001a70       0x5c ./Drivers/STM32F1xx_HAL_Driver/Src/stm32f1xx_hal_iwdg.o
 .debug_frame   0x00001acc      0x218 ./Drivers/STM32F1xx_HAL_Driver/Src/stm32f1xx_hal_rcc.o
 .debug_frame   0x00001ce4      0x824 ./Drivers/STM32F1xx_HAL_Driver/Src/stm32f1xx_hal_spi.o
 .debug_frame   0x00002508      0x944 ./Drivers/STM32F1xx_HAL_Driver/Src/stm32f1xx_hal_uart.o
 .debug_frame   0x00002e4c      0x144 C:/Program Files/STM32CubeIDE_1.17.0/STM32CubeIDE/plugins/com.st.stm32cube.ide.mcu.externaltools.gnu-tools-for-stm32.12.3.rel1.win32_1.1.0.202410251130/tools/bin/../lib/gcc/arm-none-eabi/12.3.1/../../../../arm-none-eabi/lib/thumb/v7-m/nofp\libc_nano.a(libc_a-findfp.o)