../Core/user/w25q128.c:12:9:w25q128_spi_swap_byte	32	static
../Core/user/w25q128.c:23:10:w25q128_read_id	16	static
../Core/user/w25q128.c:46:6:w25q128_writ_enable	8	static
../Core/user/w25q128.c:54:9:w25q128_read_sr1	16	static
../Core/user/w25q128.c:68:6:w25q128_wait_busy	8	static
../Core/user/w25q128.c:73:6:w25q128_send_address	16	static
../Core/user/w25q128.c:80:6:w25q128_read_data	40	static
../Core/user/w25q128.c:95:6:w25q128_write_page	32	static
../Core/user/w25q128.c:114:6:w25q128_erase_sector	16	static
../Core/user/w25q128.c:127:6:writeW25q128	4152	static
